shared-host guard: nvidia-smi unavailable; dedicated CPU-only VM, GPU check skipped
shared-host guard: load_average=2.75,0.82,0.44 logical_cpus=8
shared-host guard: PASS
remote target started: target=broker-verify utc=2026-08-20T11:27:58Z
remote target provenance: git_sha=99269354ee78 resource_profile=small
P1_REPO_ROOT=/root/autodl-tmp/exactly-once-drills P1_PREFLIGHT_PROFILE=broker /usr/local/bin/python3.11 scripts/preflight-heavy.py
disk preflight: 55.2 GiB free at /root/autodl-tmp/exactly-once-drills (minimum 25 GiB for heavy Docker reproduction)
broker memory preflight: 30.4 GiB total, 26.7 GiB available (minimum 16 GiB total / 8 GiB available)
broker selection: Apache Kafka KRaft remains within the measured memory gate
docker preflight: daemon responsive (server 29.7.2)
mvn -q -Dmaven.repo.local=/root/autodl-tmp/exactly-once-drills/.m2/repository -f flink-jobs/pom.xml clean package
/usr/local/bin/python3.11 -m harness.broker_verify --phase contracts --baseline-events 2 --seed 211
Traceback (most recent call last):
  File "<frozen runpy>", line 198, in _run_module_as_main
  File "<frozen runpy>", line 88, in _run_code
  File "/root/autodl-tmp/exactly-once-drills/harness/harness/broker_verify.py", line 6, in <module>
    from harness import broker_parity, schema_contract_drill
  File "/root/autodl-tmp/exactly-once-drills/harness/harness/schema_contract_drill.py", line 14, in <module>
    from harness.avro_contract import contract_sha256, load_contract
  File "/root/autodl-tmp/exactly-once-drills/harness/harness/avro_contract.py", line 9, in <module>
    from avro import schema as avro_schema
ModuleNotFoundError: No module named 'avro'
make: *** [Makefile:62: broker-verify] Error 1
remote target finished: target=broker-verify exit_code=2 utc=2026-08-20T11:28:13Z
