shared-host guard: nvidia-smi unavailable; dedicated CPU-only VM, GPU check skipped
shared-host guard: load_average=2.08,1.73,1.25 logical_cpus=8
shared-host guard: PASS
remote target started: target=broker-verify utc=2026-08-20T11:41:49Z
remote target provenance: git_sha=a9ab11cbb2ef resource_profile=small
P1_REPO_ROOT=/root/autodl-tmp/exactly-once-drills P1_PREFLIGHT_PROFILE=broker /usr/local/bin/python3.11 scripts/preflight-heavy.py
disk preflight: 55.1 GiB free at /root/autodl-tmp/exactly-once-drills (minimum 25 GiB for heavy Docker reproduction)
broker memory preflight: 30.4 GiB total, 26.4 GiB available (minimum 16 GiB total / 8 GiB available)
broker selection: Apache Kafka KRaft remains within the measured memory gate
docker preflight: daemon responsive (server 29.7.2)
mvn -q -Dmaven.repo.local=/root/autodl-tmp/exactly-once-drills/.m2/repository -f flink-jobs/pom.xml clean package
/usr/local/bin/python3.11 -m harness.broker_verify --phase contracts --baseline-events 2 --seed 211
2026-08-20T11:42:25Z checking broker services, connector, and fresh Avro topic state
2026-08-20T11:42:29Z submitting the Registry-backed Avro Kafka consumer
2026-08-20T11:42:36Z writing baseline flow through Debezium Avro events=2 seed=211
warning: failed to cancel Flink job abb236209049db733c05437b20b06845: ------------------------------------------------------------
 The program finished with the following exception:

org.apache.flink.util.FlinkException: Could not cancel job abb236209049db733c05437b20b06845.
	at org.apache.flink.client.cli.CliFrontend.lambda$cancel$6(CliFrontend.java:710)
	at org.apache.flink.client.cli.CliFrontend.runClusterAction(CliFrontend.java:1216)
	at org.apache.flink.client.cli.CliFrontend.cancel(CliFrontend.java:699)
	at org.apache.flink.client.cli.CliFrontend.parseAndRun(CliFrontend.java:1282)
	at org.apache.flink.client.cli.CliFrontend.lambda$mainInternal$10(CliFrontend.java:1367)
	at org.apache.flink.runtime.security.contexts.NoOpSecurityContext.runSecured(NoOpSecurityContext.java:28)
	at org.apache.flink.client.cli.CliFrontend.mainInternal(CliFrontend.java:1367)
	at org.apache.flink.client.cli.CliFrontend.main(CliFrontend.java:1335)
Caused by: java.util.concurrent.ExecutionException: org.apache.flink.runtime.rest.util.RestClientException: [org.apache.flink.runtime.rest.handler.RestHandlerException: Job cancellation failed because the job has already reached another terminal state (FAILED).
	at org.apache.flink.runtime.rest.handler.job.JobCancellationHandler.lambda$handleRequest$0(JobCancellationHandler.java:115)
	at java.base/java.util.concurrent.CompletableFuture.uniHandle(Unknown Source)
	at java.base/java.util.concurrent.CompletableFuture$UniHandle.tryFire(Unknown Source)
	at java.base/java.util.concurrent.CompletableFuture.postComplete(Unknown Source)
	at java.base/java.util.concurrent.CompletableFuture.completeExceptionally(Unknown Source)
	at org.apache.flink.runtime.rpc.pekko.PekkoInvocationHandler.lambda$invokeRpc$1(PekkoInvocationHandler.java:261)
	at java.base/java.util.concurrent.CompletableFuture.uniWhenComplete(Unknown Source)
	at java.base/java.util.concurrent.CompletableFuture$UniWhenComplete.tryFire(Unknown Source)
	at java.base/java.util.concurrent.CompletableFuture.postComplete(Unknown Source)
	at java.base/java.util.concurrent.CompletableFuture.completeExceptionally(Unknown Source)
	at org.apache.flink.util.concurrent.FutureUtils.doForward(FutureUtils.java:1313)
	at org.apache.flink.runtime.concurrent.ClassLoadingUtils.lambda$null$1(ClassLoadingUtils.java:93)
	at org.apache.flink.runtime.concurrent.ClassLoadingUtils.runWithContextClassLoader(ClassLoadingUtils.java:68)
	at org.apache.flink.runtime.concurrent.ClassLoadingUtils.lambda$guardCompletionWithContextClassLoader$2(ClassLoadingUtils.java:92)
	at java.base/java.util.concurrent.CompletableFuture.uniWhenComplete(Unknown Source)
	at java.base/java.util.concurrent.CompletableFuture$UniWhenComplete.tryFire(Unknown Source)
	at java.base/java.util.concurrent.CompletableFuture.postComplete(Unknown Source)
	at java.base/java.util.concurrent.CompletableFuture.completeExceptionally(Unknown Source)
	at org.apache.flink.runtime.concurrent.pekko.ScalaFutureUtils$1.onComplete(ScalaFutureUtils.java:45)
	at org.apache.pekko.dispatch.OnComplete.internal(Future.scala:309)
	at org.apache.pekko.dispatch.OnComplete.internal(Future.scala:307)
	at org.apache.pekko.dispatch.japi$CallbackBridge.apply(Future.scala:234)
	at org.apache.pekko.dispatch.japi$CallbackBridge.apply(Future.scala:231)
	at scala.concurrent.impl.CallbackRunnable.run(Promise.scala:64)
	at org.apache.flink.runtime.concurrent.pekko.ScalaFutureUtils$DirectExecutionContext.execute(ScalaFutureUtils.java:65)
	at scala.concurrent.impl.CallbackRunnable.executeWithValue(Promise.scala:72)
	at scala.concurrent.impl.Promise$DefaultPromise.$anonfun$tryComplete$1(Promise.scala:288)
	at scala.concurrent.impl.Promise$DefaultPromise.$anonfun$tryComplete$1$adapted(Promise.scala:288)
	at scala.concurrent.impl.Promise$DefaultPromise.tryComplete(Promise.scala:288)
	at org.apache.pekko.pattern.PromiseActorRef.$bang(AskSupport.scala:624)
	at org.apache.pekko.pattern.PipeToSupport$PipeableFuture$$anonfun$pipeTo$1.applyOrElse(PipeToSupport.scala:34)
	at scala.concurrent.Future.$anonfun$andThen$1(Future.scala:536)
	at scala.concurrent.impl.Promise.liftedTree1$1(Promise.scala:33)
	at scala.concurrent.impl.Promise.$anonfun$transform$1(Promise.scala:33)
	at scala.concurrent.impl.CallbackRunnable.run(Promise.scala:64)
	at org.apache.pekko.dispatch.BatchingExecutor$AbstractBatch.processBatch(BatchingExecutor.scala:73)
	at org.apache.pekko.dispatch.BatchingExecutor$BlockableBatch.$anonfun$run$1(BatchingExecutor.scala:110)
	at scala.runtime.java8.JFunction0$mcV$sp.apply(JFunction0$mcV$sp.java:23)
	at scala.concurrent.BlockContext$.withBlockContext(BlockContext.scala:85)
	at org.apache.pekko.dispatch.BatchingExecutor$BlockableBatch.run(BatchingExecutor.scala:110)
	at org.apache.pekko.dispatch.TaskInvocation.run(AbstractDispatcher.scala:59)
	at org.apache.pekko.dispatch.ForkJoinExecutorConfigurator$PekkoForkJoinTask.exec(ForkJoinExecutorConfigurator.scala:61)
	at java.base/java.util.concurrent.ForkJoinTask.doExec(Unknown Source)
	at java.base/java.util.concurrent.ForkJoinPool$WorkQueue.topLevelExec(Unknown Source)
	at java.base/java.util.concurrent.ForkJoinPool.scan(Unknown Source)
	at java.base/java.util.concurrent.ForkJoinPool.runWorker(Unknown Source)
	at java.base/java.util.concurrent.ForkJoinWorkerThread.run(Unknown Source)
]
	at java.base/java.util.concurrent.CompletableFuture.reportGet(Unknown Source)
	at java.base/java.util.concurrent.CompletableFuture.get(Unknown Source)
	at org.apache.flink.client.cli.CliFrontend.lambda$cancel$6(CliFrontend.java:706)
	... 7 more
Caused by: org.apache.flink.runtime.rest.util.RestClientException: [org.apache.flink.runtime.rest.handler.RestHandlerException: Job cancellation failed because the job has already reached another terminal state (FAILED).
	at org.apache.flink.runtime.rest.handler.job.JobCancellationHandler.lambda$handleRequest$0(JobCancellationHandler.java:115)
	at java.base/java.util.concurrent.CompletableFuture.uniHandle(Unknown Source)
	at java.base/java.util.concurrent.CompletableFuture$UniHandle.tryFire(Unknown Source)
	at java.base/java.util.concurrent.CompletableFuture.postComplete(Unknown Source)
	at java.base/java.util.concurrent.CompletableFuture.completeExceptionally(Unknown Source)
	at org.apache.flink.runtime.rpc.pekko.PekkoInvocationHandler.lambda$invokeRpc$1(PekkoInvocationHandler.java:261)
	at java.base/java.util.concurrent.CompletableFuture.uniWhenComplete(Unknown Source)
	at java.base/java.util.concurrent.CompletableFuture$UniWhenComplete.tryFire(Unknown Source)
	at java.base/java.util.concurrent.CompletableFuture.postComplete(Unknown Source)
	at java.base/java.util.concurrent.CompletableFuture.completeExceptionally(Unknown Source)
	at org.apache.flink.util.concurrent.FutureUtils.doForward(FutureUtils.java:1313)
	at org.apache.flink.runtime.concurrent.ClassLoadingUtils.lambda$null$1(ClassLoadingUtils.java:93)
	at org.apache.flink.runtime.concurrent.ClassLoadingUtils.runWithContextClassLoader(ClassLoadingUtils.java:68)
	at org.apache.flink.runtime.concurrent.ClassLoadingUtils.lambda$guardCompletionWithContextClassLoader$2(ClassLoadingUtils.java:92)
	at java.base/java.util.concurrent.CompletableFuture.uniWhenComplete(Unknown Source)
	at java.base/java.util.concurrent.CompletableFuture$UniWhenComplete.tryFire(Unknown Source)
	at java.base/java.util.concurrent.CompletableFuture.postComplete(Unknown Source)
	at java.base/java.util.concurrent.CompletableFuture.completeExceptionally(Unknown Source)
	at org.apache.flink.runtime.concurrent.pekko.ScalaFutureUtils$1.onComplete(ScalaFutureUtils.java:45)
	at org.apache.pekko.dispatch.OnComplete.internal(Future.scala:309)
	at org.apache.pekko.dispatch.OnComplete.internal(Future.scala:307)
	at org.apache.pekko.dispatch.japi$CallbackBridge.apply(Future.scala:234)
	at org.apache.pekko.dispatch.japi$CallbackBridge.apply(Future.scala:231)
	at scala.concurrent.impl.CallbackRunnable.run(Promise.scala:64)
	at org.apache.flink.runtime.concurrent.pekko.ScalaFutureUtils$DirectExecutionContext.execute(ScalaFutureUtils.java:65)
	at scala.concurrent.impl.CallbackRunnable.executeWithValue(Promise.scala:72)
	at scala.concurrent.impl.Promise$DefaultPromise.$anonfun$tryComplete$1(Promise.scala:288)
	at scala.concurrent.impl.Promise$DefaultPromise.$anonfun$tryComplete$1$adapted(Promise.scala:288)
	at scala.concurrent.impl.Promise$DefaultPromise.tryComplete(Promise.scala:288)
	at org.apache.pekko.pattern.PromiseActorRef.$bang(AskSupport.scala:624)
	at org.apache.pekko.pattern.PipeToSupport$PipeableFuture$$anonfun$pipeTo$1.applyOrElse(PipeToSupport.scala:34)
	at scala.concurrent.Future.$anonfun$andThen$1(Future.scala:536)
	at scala.concurrent.impl.Promise.liftedTree1$1(Promise.scala:33)
	at scala.concurrent.impl.Promise.$anonfun$transform$1(Promise.scala:33)
	at scala.concurrent.impl.CallbackRunnable.run(Promise.scala:64)
	at org.apache.pekko.dispatch.BatchingExecutor$AbstractBatch.processBatch(BatchingExecutor.scala:73)
	at org.apache.pekko.dispatch.BatchingExecutor$BlockableBatch.$anonfun$run$1(BatchingExecutor.scala:110)
	at scala.runtime.java8.JFunction0$mcV$sp.apply(JFunction0$mcV$sp.java:23)
	at scala.concurrent.BlockContext$.withBlockContext(BlockContext.scala:85)
	at org.apache.pekko.dispatch.BatchingExecutor$BlockableBatch.run(BatchingExecutor.scala:110)
	at org.apache.pekko.dispatch.TaskInvocation.run(AbstractDispatcher.scala:59)
	at org.apache.pekko.dispatch.ForkJoinExecutorConfigurator$PekkoForkJoinTask.exec(ForkJoinExecutorConfigurator.scala:61)
	at java.base/java.util.concurrent.ForkJoinTask.doExec(Unknown Source)
	at java.base/java.util.concurrent.ForkJoinPool$WorkQueue.topLevelExec(Unknown Source)
	at java.base/java.util.concurrent.ForkJoinPool.scan(Unknown Source)
	at java.base/java.util.concurrent.ForkJoinPool.runWorker(Unknown Source)
	at java.base/java.util.concurrent.ForkJoinWorkerThread.run(Unknown Source)
]
	at org.apache.flink.runtime.rest.RestClient.parseResponse(RestClient.java:644)
	at org.apache.flink.runtime.rest.RestClient.lambda$submitRequest$6(RestClient.java:628)
	at java.base/java.util.concurrent.CompletableFuture$UniCompose.tryFire(Unknown Source)
	at java.base/java.util.concurrent.CompletableFuture$Completion.run(Unknown Source)
	at java.base/java.util.concurrent.ThreadPoolExecutor.runWorker(Unknown Source)
	at java.base/java.util.concurrent.ThreadPoolExecutor$Worker.run(Unknown Source)
	at java.base/java.lang.Thread.run(Unknown Source)
broker contract verify failed: Flink job abb236209049db733c05437b20b06845 entered terminal state FAILED while waiting for Iceberg row count 2: org.apache.flink.runtime.JobException: Recovery is suppressed by FixedDelayRestartBackoffTimeStrategy(maxNumberRestartAttempts=3, backoffTimeMS=3000)
	at org.apache.flink.runtime.executiongraph.failover.ExecutionFailureHandler.handleFailure(ExecutionFailureHandler.java:219)
	at org.apache.flink.runtime.executiongraph.failover.ExecutionFailureHandler.handleFailureAndReport(ExecutionFailureHandler.java:166)
	at org.apache.flink.runtime.executiongraph.failover.ExecutionFailureHandler.getFailureHandlingResult(ExecutionFailureHandler.java:121)
	at org.apache.flink.runtime.scheduler.DefaultScheduler.recordTaskFailure(DefaultScheduler.java:281)
	at org.apache.flink.runtime.scheduler.DefaultScheduler.handleTaskFailure(DefaultScheduler.java:272)
	at org.apache.flink.runtime.scheduler.DefaultScheduler.onTaskFailed(DefaultScheduler.java:265)
	at org.apache.flink.runtime.scheduler.SchedulerBase.onTaskExecutionStateUpdate(SchedulerBase.java:788)
	at org.apache.flink.runtime.scheduler.SchedulerBase.updateTaskExecutionState(SchedulerBase.java:765)
	at org.apache.flink.runtime.scheduler.SchedulerNG.updateTaskExecutionState(SchedulerNG.java:83)
	at org.apache.flink.runtime.jobmaster.JobMaster.updateTaskExecutionState(JobMaster.java:515)
	at jdk.internal.reflect.GeneratedMethodAccessor33.invoke(Unknown Source)
	at java.base/jdk.internal.reflect.DelegatingMethodAccessorImpl.invoke(Unknown Source)
	at java.base/java.lang.reflect.Method.invoke(Unknown Source)
	at org.apache.flink.runtime.rpc.pekko.PekkoRpcActor.lambda$handleRpcInvocation$1(PekkoRpcActor.java:318)
	at org.apache.flink.runtime.concurrent.ClassLoadingUtils.runWithContextClassLoader(ClassLoadingUtils.java:83)
	at org.apache.flink.runtime.rpc.pekko.PekkoRpcActor.handleRpcInvocation(PekkoRpcActor.java:316)
	at org.apache.flink.runtime.rpc.pekko.PekkoRpcActor.handleRpcMessage(PekkoRpcActor.java:229)
	at org.apache.flink.runtime.rpc.pekko.FencedPekkoRpcActor.handleRpcMessage(FencedPekkoRpcActor.java:88)
	at org.apache.flink.run
make: *** [Makefile:62: broker-verify] Error 1
remote target finished: target=broker-verify exit_code=2 utc=2026-08-20T11:43:05Z
