$ ssh -F .remote/ssh_config exactly-once-workstation 'date -Is; uptime; cat /sys/fs/cgroup/cpu.max; nvidia-smi'
2026-08-19T17:41:01+08:00
 17:41:01 up 92 days, 21 min,  0 users,  load average: 19.68, 15.26, 14.96
1600000 100000
Wed Aug 19 17:41:01 2026
+-----------------------------------------------------------------------------------------+
| NVIDIA-SMI 580.105.08             Driver Version: 580.105.08     CUDA Version: 13.0     |
+-----------------------------------------+------------------------+----------------------+
| GPU  Name                 Persistence-M | Bus-Id          Disp.A | Volatile Uncorr. ECC |
| Fan  Temp   Perf          Pwr:Usage/Cap |           Memory-Usage | GPU-Util  Compute M. |
|                                         |                        |               MIG M. |
|=========================================+========================+======================|
|   0  NVIDIA GeForce RTX 4090        On  |   00000000:D5:00.0 Off |                  Off |
| 30%   33C    P8             17W /  450W |       0MiB /  24564MiB |      0%      Default |
|                                         |                        |                  N/A |
+-----------------------------------------+------------------------+----------------------+

+-----------------------------------------------------------------------------------------+
| Processes:                                                                              |
|  GPU   GI   CI              PID   Type   Process name                        GPU Memory |
|        ID   ID                                                               Usage      |
|=========================================================================================|
|  No running processes found                                                             |
+-----------------------------------------------------------------------------------------+

$ ssh -F .remote/ssh_config exactly-once-workstation "bash -lc 'command -v docker; command -v mvn; command -v java; command -v python3.11; command -v python3; command -v tmux'"
/usr/lib/jvm/java-21-openjdk-amd64/bin/java
/root/miniconda3/bin/python3
/usr/bin/tmux

$ ssh -F .remote/ssh_config exactly-once-workstation 'cat /etc/os-release; free -h; df -h /root/autodl-tmp; docker version'
PRETTY_NAME="Ubuntu 22.04.5 LTS"
NAME="Ubuntu"
VERSION_ID="22.04"
VERSION="22.04.5 LTS (Jammy Jellyfish)"
VERSION_CODENAME=jammy
ID=ubuntu
ID_LIKE=debian
HOME_URL="https://www.ubuntu.com/"
SUPPORT_URL="https://help.ubuntu.com/"
BUG_REPORT_URL="https://bugs.launchpad.net/ubuntu/"
PRIVACY_POLICY_URL="https://www.ubuntu.com/legal/terms-and-policies/privacy-policy"
UBUNTU_CODENAME=jammy
               total        used        free      shared  buff/cache   available
Mem:           1.0Ti        72Gi       768Gi       4.5Gi       166Gi       924Gi
Swap:             0B          0B          0B
Filesystem      Size  Used Avail Use% Mounted on
/dev/md0        150G   96G   55G  64% /root/autodl-tmp
bash: line 1: docker: command not found

$ ssh -F .remote/ssh_config exactly-once-workstation 'ps -p 1 -o comm=; capsh --print; systemctl is-system-running'
bash
Current: cap_chown,cap_dac_override,cap_fowner,cap_fsetid,cap_kill,cap_setgid,cap_setuid,cap_setpcap,cap_net_bind_service,cap_net_raw,cap_sys_chroot,cap_mknod,cap_audit_write,cap_setfcap=ep
Bounding set =cap_chown,cap_dac_override,cap_fowner,cap_fsetid,cap_kill,cap_setgid,cap_setuid,cap_setpcap,cap_net_bind_service,cap_net_raw,cap_sys_chroot,cap_mknod,cap_audit_write,cap_setfcap
Ambient set =
Current IAB: !cap_dac_read_search,!cap_linux_immutable,!cap_net_broadcast,!cap_ipc_lock,!cap_ipc_owner,!cap_sys_module,!cap_sys_rawio,!cap_sys_ptrace,!cap_sys_pacct,!cap_sys_admin,!cap_sys_boot,!cap_sys_nice,!cap_sys_resource,!cap_sys_time,!cap_sys_tty_config,!cap_lease,!cap_audit_control,!cap_mac_override,!cap_mac_admin,!cap_syslog,!cap_wake_alarm,!cap_block_suspend,!cap_audit_read,!cap_perfmon,!cap_bpf,!cap_checkpoint_restore
Securebits: 00/0x0
 secure-noroot: no (unlocked)
 secure-no-suid-fixup: no (unlocked)
 secure-keep-caps: no (unlocked)
 secure-no-ambient-raise: no (unlocked)
uid=0(root) euid=0(root)
gid=0(root)
groups=0(root)
Guessed mode: UNCERTAIN (0)
offline
