shared-host guard: nvidia-smi unavailable; dedicated CPU-only VM, GPU check skipped
shared-host guard: load_average=0.49,0.39,0.21 logical_cpus=8
shared-host guard: PASS
remote target started: target=broker-up utc=2026-08-20T10:08:41Z
remote target provenance: git_sha=b54f218a0918 resource_profile=small
P1_REPO_ROOT=/root/autodl-tmp/exactly-once-drills P1_PREFLIGHT_PROFILE=broker /usr/local/bin/python3.11 scripts/preflight-heavy.py
disk preflight: 58.3 GiB free at /root/autodl-tmp/exactly-once-drills (minimum 25 GiB for heavy Docker reproduction)
broker memory preflight: 30.4 GiB total, 29.5 GiB available (minimum 16 GiB total / 8 GiB available)
broker selection: Apache Kafka KRaft remains within the measured memory gate
docker preflight: daemon responsive (server 29.7.2)
RESOURCE_PROFILE=small docker compose --env-file .env.example -f infra/docker-compose.yml --profile broker up -d --build --wait --wait-timeout 240
 Image quay.io/minio/mc:RELEASE.2025-04-16T18-13-26Z Pulling 
 Image quay.io/debezium/connect:3.2.4.Final Pulling 
 Image quay.io/minio/minio:RELEASE.2025-04-22T22-12-26Z Pulling 
 4da90d54f1de Pulling fs layer 0B
 3a3fd2aa552d Pulling fs layer 0B
 2566c79cc301 Pulling fs layer 0B
 5d145a3de6f4 Pulling fs layer 0B
 8242a3e5dca2 Pulling fs layer 0B
 8c577d69454d Pulling fs layer 0B
 d949f716ce77 Pulling fs layer 0B
 c54ff8b75d08 Pulling fs layer 0B
 910494f7b113 Pulling fs layer 0B
 fe7a9fa9d010 Pulling fs layer 0B
 cec150226844 Pulling fs layer 0B
 548eb6b6d138 Pulling fs layer 0B
 5dae78b7b79a Pulling fs layer 0B
 a025e5f9af3f Pulling fs layer 0B
 74ac07bb75bc Pulling fs layer 0B
 c66525d3e010 Pulling fs layer 0B
 17332814c108 Pulling fs layer 0B
 28fab87ad22f Pulling fs layer 0B
 7215b54aa88d Pulling fs layer 0B
 304b853842aa Pulling fs layer 0B
 8d69308ec92d Pulling fs layer 0B
 af3bbcf69640 Pulling fs layer 0B
 4f4fb700ef54 Pulling fs layer 0B
 a2701cbb5c58 Pulling fs layer 0B
 ce9336367aeb Pulling fs layer 0B
 d7ed961b6ca6 Pulling fs layer 0B
 a94e84f8442f Pulling fs layer 0B
 b764ca44bec3 Pulling fs layer 0B
 a35a48b1065e Pulling fs layer 0B
 74c92fb916ba Pulling fs layer 0B
 74ac07bb75bc Already exists 0B
 304b853842aa Already exists 0B
 af3bbcf69640 Already exists 0B
 a2701cbb5c58 Already exists 0B
 28fab87ad22f Already exists 0B
 7215b54aa88d Already exists 0B
 d7ed961b6ca6 Downloading 52.43MB
 74c92fb916ba Downloading 25.17MB
 548eb6b6d138 Already exists 0B
 5dae78b7b79a Already exists 0B
 ce9336367aeb Already exists 0B
 a35a48b1065e Already exists 0B
 c54ff8b75d08 Already exists 0B
 cec150226844 Already exists 0B
 fe7a9fa9d010 Already exists 0B
 17332814c108 Already exists 0B
 8d69308ec92d Already exists 0B
 4f4fb700ef54 Already exists 0B
 a025e5f9af3f Already exists 0B
 c66525d3e010 Already exists 0B
 c54ff8b75d08 Extracting 1B
 d7ed961b6ca6 Downloading 52.43MB
 74c92fb916ba Downloading 25.17MB
 c54ff8b75d08 Extracting 1B
 d7ed961b6ca6 Downloading 52.43MB
 74c92fb916ba Downloading 25.17MB
 c54ff8b75d08 Extracting 1B
 d7ed961b6ca6 Downloading 52.43MB
 74c92fb916ba Downloading 25.17MB
 c54ff8b75d08 Extracting 1B
 d7ed961b6ca6 Downloading 52.43MB
 74c92fb916ba Downloading 25.17MB
 c54ff8b75d08 Extracting 1B
 4da90d54f1de Downloading 4.194MB
 2566c79cc301 Download complete 0B
 d949f716ce77 Downloading 2.097MB
 74c92fb916ba Downloading 25.17MB
 d7ed961b6ca6 Downloading 52.43MB
 c54ff8b75d08 Extracting 1B
 d949f716ce77 Download complete 0B
 4da90d54f1de Downloading 4.194MB
 d7ed961b6ca6 Downloading 52.43MB
 74c92fb916ba Downloading 25.17MB
 d949f716ce77 Extracting 1B
 c54ff8b75d08 Extracting 1B
 4da90d54f1de Downloading 8.389MB
 d7ed961b6ca6 Downloading 52.43MB
 74c92fb916ba Downloading 25.17MB
 d949f716ce77 Extracting 1B
 c54ff8b75d08 Extracting 1B
 4da90d54f1de Downloading 9.437MB
 d949f716ce77 Pull complete 0B
 d7ed961b6ca6 Downloading 52.43MB
 74c92fb916ba Downloading 25.17MB
 c54ff8b75d08 Pull complete 0B
 4da90d54f1de Download complete 0B
 5d145a3de6f4 Downloading 1.049MB
 d7ed961b6ca6 Downloading 52.43MB
 74c92fb916ba Downloading 25.17MB
 5d145a3de6f4 Downloading 1.049MB
 d7ed961b6ca6 Downloading 52.43MB
 74c92fb916ba Downloading 25.17MB
 5d145a3de6f4 Downloading 1.049MB
 d7ed961b6ca6 Downloading 52.43MB
 74c92fb916ba Downloading 25.17MB
 5d145a3de6f4 Downloading 3.146MB
 8c577d69454d Download complete 0B
 d7ed961b6ca6 Downloading 52.43MB
 74c92fb916ba Downloading 25.17MB
 8c577d69454d Pull complete 0B
 5d145a3de6f4 Downloading 5.243MB
 d7ed961b6ca6 Downloading 52.43MB
 74c92fb916ba Downloading 25.17MB
 5d145a3de6f4 Downloading 5.243MB
 d7ed961b6ca6 Downloading 52.43MB
 74c92fb916ba Downloading 25.17MB
 5d145a3de6f4 Downloading 7.34MB
 d7ed961b6ca6 Downloading 52.43MB
 74c92fb916ba Downloading 25.17MB
 5d145a3de6f4 Downloading 8.389MB
 8242a3e5dca2 Download complete 0B
 d7ed961b6ca6 Downloading 52.43MB
 74c92fb916ba Downloading 25.17MB
 5d145a3de6f4 Downloading 10.49MB
 d7ed961b6ca6 Downloading 52.43MB
 74c92fb916ba Downloading 25.17MB
 5d145a3de6f4 Download complete 0B
 d7ed961b6ca6 Downloading 52.43MB
 74c92fb916ba Downloading 25.17MB
 3a3fd2aa552d Download complete 0B
 d7ed961b6ca6 Downloading 52.43MB
 74c92fb916ba Downloading 25.17MB
 2566c79cc301 Pull complete 0B
 d7ed961b6ca6 Downloading 52.43MB
 74c92fb916ba Downloading 25.17MB
 8242a3e5dca2 Pull complete 0B
 5d145a3de6f4 Extracting 1B
 3a3fd2aa552d Pull complete 0B
 4da90d54f1de Extracting 1B
 5d145a3de6f4 Pull complete 0B
 d7ed961b6ca6 Downloading 52.43MB
 74c92fb916ba Downloading 25.17MB
 4da90d54f1de Pull complete 0B
 Image quay.io/minio/mc:RELEASE.2025-04-16T18-13-26Z Pulled 
 d7ed961b6ca6 Downloading 52.43MB
 74c92fb916ba Downloading 25.17MB
 d7ed961b6ca6 Downloading 52.43MB
 74c92fb916ba Downloading 25.17MB
 d7ed961b6ca6 Downloading 52.43MB
 74c92fb916ba Downloading 25.17MB
 d7ed961b6ca6 Downloading 52.43MB
 74c92fb916ba Downloading 25.17MB
 d7ed961b6ca6 Downloading 52.43MB
 74c92fb916ba Downloading 25.17MB
 d7ed961b6ca6 Downloading 52.43MB
 74c92fb916ba Downloading 25.17MB
 d7ed961b6ca6 Downloading 52.43MB
 74c92fb916ba Downloading 25.17MB
 d7ed961b6ca6 Downloading 52.43MB
 74c92fb916ba Downloading 25.17MB
 910494f7b113 Downloading 1.049MB
 d7ed961b6ca6 Downloading 52.43MB
 74c92fb916ba Downloading 25.17MB
 d7ed961b6ca6 Downloading 52.43MB
 74c92fb916ba Downloading 25.17MB
 910494f7b113 Downloading 4.194MB
 910494f7b113 Downloading 4.194MB
 d7ed961b6ca6 Downloading 52.43MB
 74c92fb916ba Downloading 25.17MB
 910494f7b113 Downloading 4.194MB
 d7ed961b6ca6 Downloading 53.48MB
 74c92fb916ba Downloading 25.17MB
 910494f7b113 Downloading 4.194MB
 d7ed961b6ca6 Downloading 56.62MB
 74c92fb916ba Downloading 25.17MB
 74c92fb916ba Downloading 25.17MB
 910494f7b113 Downloading 4.194MB
 d7ed961b6ca6 Downloading 56.62MB
 eb68f0afc19c Download complete 0B
 910494f7b113 Downloading 4.194MB
 d7ed961b6ca6 Downloading 56.62MB
 74c92fb916ba Downloading 25.17MB
 d7ed961b6ca6 Downloading 56.62MB
 74c92fb916ba Downloading 25.17MB
 910494f7b113 Downloading 4.194MB
 910494f7b113 Downloading 4.194MB
 d7ed961b6ca6 Downloading 56.62MB
 74c92fb916ba Downloading 25.17MB
 910494f7b113 Downloading 4.194MB
 d7ed961b6ca6 Downloading 56.62MB
 74c92fb916ba Downloading 25.17MB
 910494f7b113 Downloading 4.194MB
 d7ed961b6ca6 Downloading 56.62MB
 74c92fb916ba Downloading 25.17MB
 910494f7b113 Downloading 4.194MB
 d7ed961b6ca6 Downloading 56.62MB
 74c92fb916ba Downloading 25.17MB
 910494f7b113 Downloading 4.194MB
 d7ed961b6ca6 Downloading 56.62MB
 74c92fb916ba Downloading 25.17MB
 910494f7b113 Downloading 4.194MB
 d7ed961b6ca6 Downloading 56.62MB
 74c92fb916ba Downloading 25.17MB
 910494f7b113 Downloading 4.194MB
 d7ed961b6ca6 Downloading 56.62MB
 74c92fb916ba Downloading 25.17MB
 910494f7b113 Downloading 4.194MB
 d7ed961b6ca6 Downloading 56.62MB
 74c92fb916ba Downloading 25.17MB
 d7ed961b6ca6 Downloading 56.62MB
 b764ca44bec3 Download complete 0B
 74c92fb916ba Downloading 25.17MB
 910494f7b113 Downloading 4.194MB
 910494f7b113 Downloading 4.194MB
 d7ed961b6ca6 Downloading 56.62MB
 74c92fb916ba Downloading 25.17MB
 910494f7b113 Downloading 4.194MB
 d7ed961b6ca6 Downloading 56.62MB
 74c92fb916ba Downloading 25.17MB
 910494f7b113 Downloading 4.194MB
 d7ed961b6ca6 Downloading 56.62MB
 74c92fb916ba Downloading 25.17MB
 910494f7b113 Downloading 4.194MB
 d7ed961b6ca6 Downloading 56.62MB
 74c92fb916ba Downloading 25.17MB
 d7ed961b6ca6 Downloading 56.62MB
 74c92fb916ba Downloading 25.17MB
 910494f7b113 Downloading 4.194MB
 910494f7b113 Downloading 4.194MB
 d7ed961b6ca6 Downloading 56.62MB
 74c92fb916ba Downloading 25.17MB
 74c92fb916ba Downloading 25.17MB
 910494f7b113 Downloading 4.194MB
 d7ed961b6ca6 Downloading 57.67MB
 910494f7b113 Downloading 5.243MB
 d7ed961b6ca6 Downloading 57.67MB
 74c92fb916ba Downloading 25.17MB
 910494f7b113 Downloading 5.243MB
 d7ed961b6ca6 Downloading 58.72MB
 74c92fb916ba Downloading 25.17MB
 910494f7b113 Downloading 6.291MB
 d7ed961b6ca6 Downloading 58.72MB
 74c92fb916ba Downloading 25.17MB
 910494f7b113 Downloading 6.291MB
 d7ed961b6ca6 Downloading 58.72MB
 74c92fb916ba Downloading 25.17MB
 910494f7b113 Downloading 6.291MB
 d7ed961b6ca6 Downloading 58.72MB
 74c92fb916ba Downloading 25.17MB
 a94e84f8442f Downloading 1.049MB
 910494f7b113 Downloading 6.291MB
 d7ed961b6ca6 Downloading 58.72MB
 74c92fb916ba Downloading 25.17MB
 a94e84f8442f Download complete 0B
 910494f7b113 Downloading 6.291MB
 d7ed961b6ca6 Downloading 58.72MB
 74c92fb916ba Downloading 25.17MB
 910494f7b113 Downloading 6.291MB
 d7ed961b6ca6 Downloading 58.72MB
 74c92fb916ba Downloading 25.17MB
 910494f7b113 Downloading 6.291MB
 d7ed961b6ca6 Downloading 58.72MB
 74c92fb916ba Downloading 25.17MB
 d7ed961b6ca6 Downloading 59.77MB
 74c92fb916ba Downloading 25.17MB
 910494f7b113 Downloading 6.291MB
 d7ed961b6ca6 Downloading 59.77MB
 74c92fb916ba Downloading 26.21MB
 910494f7b113 Downloading 6.291MB
 910494f7b113 Downloading 6.291MB
 d7ed961b6ca6 Downloading 60.82MB
 74c92fb916ba Downloading 29.36MB
 910494f7b113 Downloading 6.291MB
 d7ed961b6ca6 Downloading 60.82MB
 74c92fb916ba Downloading 30.41MB
 910494f7b113 Downloading 7.34MB
 d7ed961b6ca6 Downloading 60.82MB
 74c92fb916ba Downloading 31.46MB
 910494f7b113 Downloading 7.34MB
 d7ed961b6ca6 Downloading 60.82MB
 74c92fb916ba Downloading 31.46MB
 910494f7b113 Downloading 8.389MB
 d7ed961b6ca6 Downloading 60.82MB
 74c92fb916ba Downloading 31.46MB
 910494f7b113 Downloading 8.389MB
 d7ed961b6ca6 Downloading 60.82MB
 74c92fb916ba Downloading 32.51MB
 d7ed961b6ca6 Downloading 60.82MB
 74c92fb916ba Downloading 33.55MB
 910494f7b113 Downloading 8.389MB
 74c92fb916ba Downloading 33.55MB
 910494f7b113 Downloading 8.389MB
 d7ed961b6ca6 Downloading 60.82MB
 910494f7b113 Downloading 8.389MB
 d7ed961b6ca6 Downloading 60.82MB
 74c92fb916ba Downloading 33.55MB
 910494f7b113 Downloading 8.389MB
 d7ed961b6ca6 Downloading 60.82MB
 74c92fb916ba Downloading 33.55MB
 910494f7b113 Downloading 9.437MB
 d7ed961b6ca6 Downloading 60.82MB
 74c92fb916ba Downloading 33.55MB
 74c92fb916ba Downloading 33.55MB
 910494f7b113 Downloading 9.437MB
 d7ed961b6ca6 Downloading 60.82MB
 910494f7b113 Downloading 10.49MB
 d7ed961b6ca6 Downloading 60.82MB
 74c92fb916ba Downloading 33.55MB
 910494f7b113 Downloading 10.49MB
 d7ed961b6ca6 Downloading 60.82MB
 74c92fb916ba Downloading 33.55MB
 910494f7b113 Downloading 10.49MB
 d7ed961b6ca6 Downloading 60.82MB
 74c92fb916ba Downloading 33.55MB
 910494f7b113 Downloading 10.49MB
 d7ed961b6ca6 Downloading 60.82MB
 74c92fb916ba Downloading 33.55MB
 910494f7b113 Downloading 10.49MB
 d7ed961b6ca6 Downloading 60.82MB
 74c92fb916ba Downloading 33.55MB
 910494f7b113 Downloading 10.49MB
 d7ed961b6ca6 Downloading 60.82MB
 74c92fb916ba Downloading 33.55MB
 910494f7b113 Downloading 10.49MB
 d7ed961b6ca6 Downloading 60.82MB
 74c92fb916ba Downloading 33.55MB
 910494f7b113 Downloading 10.49MB
 d7ed961b6ca6 Downloading 60.82MB
 74c92fb916ba Downloading 33.55MB
 910494f7b113 Downloading 10.49MB
 d7ed961b6ca6 Downloading 60.82MB
 74c92fb916ba Downloading 33.55MB
 910494f7b113 Downloading 10.49MB
 d7ed961b6ca6 Downloading 60.82MB
 74c92fb916ba Downloading 33.55MB
 910494f7b113 Downloading 10.49MB
 d7ed961b6ca6 Downloading 60.82MB
 74c92fb916ba Downloading 33.55MB
 74c92fb916ba Downloading 33.55MB
 910494f7b113 Downloading 10.49MB
 d7ed961b6ca6 Downloading 60.82MB
 910494f7b113 Downloading 10.49MB
 d7ed961b6ca6 Downloading 60.82MB
 74c92fb916ba Downloading 33.55MB
 910494f7b113 Downloading 10.49MB
 d7ed961b6ca6 Downloading 60.82MB
 74c92fb916ba Downloading 33.55MB
 910494f7b113 Downloading 10.49MB
 d7ed961b6ca6 Downloading 60.82MB
 74c92fb916ba Downloading 33.55MB
 910494f7b113 Downloading 10.49MB
 d7ed961b6ca6 Downloading 60.82MB
 74c92fb916ba Downloading 34.6MB
 910494f7b113 Downloading 10.49MB
 d7ed961b6ca6 Downloading 60.82MB
 74c92fb916ba Downloading 34.6MB
 910494f7b113 Downloading 10.49MB
 d7ed961b6ca6 Downloading 60.82MB
 74c92fb916ba Downloading 37.75MB
 910494f7b113 Downloading 10.49MB
 d7ed961b6ca6 Downloading 60.82MB
 74c92fb916ba Downloading 39.85MB
 910494f7b113 Downloading 10.49MB
 d7ed961b6ca6 Downloading 60.82MB
 74c92fb916ba Downloading 39.85MB
 910494f7b113 Downloading 10.49MB
 d7ed961b6ca6 Downloading 60.82MB
 74c92fb916ba Downloading 39.85MB
 910494f7b113 Downloading 10.49MB
 d7ed961b6ca6 Downloading 60.82MB
 74c92fb916ba Downloading 39.85MB
 910494f7b113 Downloading 10.49MB
 d7ed961b6ca6 Downloading 60.82MB
 74c92fb916ba Downloading 39.85MB
 910494f7b113 Downloading 10.49MB
 d7ed961b6ca6 Downloading 60.82MB
 74c92fb916ba Downloading 39.85MB
 910494f7b113 Downloading 10.49MB
 d7ed961b6ca6 Downloading 60.82MB
 74c92fb916ba Downloading 39.85MB
 910494f7b113 Downloading 10.49MB
 d7ed961b6ca6 Downloading 60.82MB
 74c92fb916ba Downloading 39.85MB
 910494f7b113 Downloading 10.49MB
 d7ed961b6ca6 Downloading 60.82MB
 74c92fb916ba Downloading 39.85MB
 74c92fb916ba Downloading 39.85MB
 910494f7b113 Downloading 10.49MB
 d7ed961b6ca6 Downloading 60.82MB
 910494f7b113 Downloading 10.49MB
 d7ed961b6ca6 Downloading 60.82MB
 74c92fb916ba Downloading 39.85MB
 910494f7b113 Downloading 10.49MB
 d7ed961b6ca6 Downloading 60.82MB
 74c92fb916ba Downloading 39.85MB
 910494f7b113 Downloading 10.49MB
 d7ed961b6ca6 Downloading 60.82MB
 74c92fb916ba Downloading 39.85MB
 910494f7b113 Downloading 10.49MB
 d7ed961b6ca6 Downloading 60.82MB
 74c92fb916ba Downloading 39.85MB
 910494f7b113 Downloading 10.49MB
 d7ed961b6ca6 Downloading 60.82MB
 74c92fb916ba Downloading 39.85MB
 74c92fb916ba Downloading 39.85MB
 910494f7b113 Downloading 10.49MB
 d7ed961b6ca6 Downloading 60.82MB
 910494f7b113 Downloading 10.49MB
 d7ed961b6ca6 Downloading 60.82MB
 74c92fb916ba Downloading 39.85MB
 d7ed961b6ca6 Downloading 60.82MB
 74c92fb916ba Downloading 39.85MB
 910494f7b113 Downloading 10.49MB
 910494f7b113 Downloading 10.49MB
 d7ed961b6ca6 Downloading 60.82MB
 74c92fb916ba Downloading 39.85MB
 910494f7b113 Downloading 10.49MB
 d7ed961b6ca6 Downloading 61.87MB
 74c92fb916ba Downloading 39.85MB
 910494f7b113 Downloading 10.49MB
 d7ed961b6ca6 Downloading 61.87MB
 74c92fb916ba Downloading 39.85MB
 d7ed961b6ca6 Downloading 62.91MB
 74c92fb916ba Downloading 40.89MB
 910494f7b113 Downloading 10.49MB
 910494f7b113 Downloading 10.49MB
 d7ed961b6ca6 Downloading 62.91MB
 74c92fb916ba Downloading 40.89MB
 910494f7b113 Downloading 10.49MB
 d7ed961b6ca6 Downloading 62.91MB
 74c92fb916ba Downloading 41.94MB
 910494f7b113 Downloading 10.49MB
 d7ed961b6ca6 Downloading 62.91MB
 74c92fb916ba Downloading 44.04MB
 910494f7b113 Downloading 10.49MB
 d7ed961b6ca6 Downloading 62.91MB
 74c92fb916ba Downloading 44.04MB
 910494f7b113 Downloading 10.49MB
 d7ed961b6ca6 Downloading 62.91MB
 74c92fb916ba Downloading 44.04MB
 910494f7b113 Downloading 10.49MB
 d7ed961b6ca6 Downloading 62.91MB
 74c92fb916ba Downloading 45.09MB
 910494f7b113 Downloading 10.49MB
 d7ed961b6ca6 Downloading 62.91MB
 74c92fb916ba Downloading 46.14MB
 910494f7b113 Downloading 10.49MB
 d7ed961b6ca6 Downloading 63.96MB
 74c92fb916ba Downloading 46.14MB
 910494f7b113 Downloading 10.49MB
 d7ed961b6ca6 Downloading 63.96MB
 74c92fb916ba Downloading 46.14MB
 910494f7b113 Downloading 10.49MB
 d7ed961b6ca6 Downloading 63.96MB
 74c92fb916ba Downloading 46.14MB
 910494f7b113 Downloading 10.49MB
 d7ed961b6ca6 Downloading 63.96MB
 74c92fb916ba Downloading 46.14MB
 910494f7b113 Downloading 10.49MB
 d7ed961b6ca6 Downloading 65.01MB
 74c92fb916ba Downloading 46.14MB
 910494f7b113 Downloading 10.49MB
 d7ed961b6ca6 Downloading 67.11MB
 74c92fb916ba Downloading 46.14MB
 74c92fb916ba Downloading 46.14MB
 910494f7b113 Downloading 10.49MB
 d7ed961b6ca6 Downloading 67.11MB
 74c92fb916ba Downloading 46.14MB
 910494f7b113 Downloading 10.49MB
 d7ed961b6ca6 Downloading 67.11MB
 910494f7b113 Downloading 11.53MB
 d7ed961b6ca6 Downloading 67.11MB
 74c92fb916ba Downloading 46.14MB
 910494f7b113 Downloading 11.53MB
 d7ed961b6ca6 Downloading 68.16MB
 74c92fb916ba Downloading 46.14MB
 d7ed961b6ca6 Downloading 68.16MB
 74c92fb916ba Downloading 46.14MB
 910494f7b113 Downloading 12.58MB
 910494f7b113 Downloading 12.58MB
 d7ed961b6ca6 Downloading 68.16MB
 74c92fb916ba Downloading 46.14MB
 910494f7b113 Downloading 12.58MB
 d7ed961b6ca6 Downloading 69.21MB
 74c92fb916ba Downloading 46.14MB
 910494f7b113 Downloading 12.58MB
 d7ed961b6ca6 Downloading 71.3MB
 74c92fb916ba Downloading 46.14MB
 910494f7b113 Downloading 12.58MB
 d7ed961b6ca6 Downloading 71.3MB
 74c92fb916ba Downloading 46.14MB
 74c92fb916ba Downloading 46.14MB
 910494f7b113 Downloading 13.63MB
 d7ed961b6ca6 Downloading 71.3MB
 910494f7b113 Downloading 13.63MB
 d7ed961b6ca6 Downloading 72.35MB
 74c92fb916ba Downloading 46.14MB
 74c92fb916ba Downloading 46.14MB
 910494f7b113 Downloading 13.63MB
 d7ed961b6ca6 Downloading 73.4MB
 910494f7b113 Downloading 14.68MB
 d7ed961b6ca6 Downloading 73.4MB
 74c92fb916ba Downloading 46.14MB
 74c92fb916ba Downloading 46.14MB
 910494f7b113 Downloading 16.78MB
 d7ed961b6ca6 Downloading 73.4MB
 910494f7b113 Downloading 16.78MB
 d7ed961b6ca6 Downloading 73.4MB
 74c92fb916ba Downloading 46.14MB
 910494f7b113 Downloading 16.78MB
 d7ed961b6ca6 Downloading 73.4MB
 74c92fb916ba Downloading 46.14MB
 910494f7b113 Downloading 17.83MB
 d7ed961b6ca6 Downloading 73.4MB
 74c92fb916ba Downloading 46.14MB
 910494f7b113 Downloading 18.87MB
 d7ed961b6ca6 Downloading 73.4MB
 74c92fb916ba Downloading 46.14MB
 74c92fb916ba Downloading 46.14MB
 910494f7b113 Downloading 18.87MB
 d7ed961b6ca6 Downloading 73.4MB
 74c92fb916ba Downloading 46.14MB
 910494f7b113 Downloading 18.87MB
 d7ed961b6ca6 Downloading 73.4MB
 910494f7b113 Downloading 20.97MB
 d7ed961b6ca6 Downloading 73.4MB
 74c92fb916ba Downloading 46.14MB
 910494f7b113 Downloading 20.97MB
 d7ed961b6ca6 Downloading 73.4MB
 74c92fb916ba Downloading 46.14MB
 910494f7b113 Downloading 22.02MB
 d7ed961b6ca6 Downloading 73.4MB
 74c92fb916ba Downloading 46.14MB
 910494f7b113 Downloading 23.07MB
 d7ed961b6ca6 Downloading 73.4MB
 74c92fb916ba Downloading 46.14MB
 910494f7b113 Downloading 23.07MB
 d7ed961b6ca6 Downloading 73.4MB
 74c92fb916ba Downloading 46.14MB
 910494f7b113 Downloading 23.07MB
 d7ed961b6ca6 Downloading 73.4MB
 74c92fb916ba Downloading 46.14MB
 910494f7b113 Downloading 23.07MB
 d7ed961b6ca6 Downloading 74.45MB
 74c92fb916ba Downloading 46.14MB
 74c92fb916ba Downloading 46.14MB
 910494f7b113 Downloading 23.07MB
 d7ed961b6ca6 Downloading 76.55MB
 910494f7b113 Downloading 23.07MB
 d7ed961b6ca6 Downloading 77.59MB
 74c92fb916ba Downloading 46.14MB
 910494f7b113 Downloading 23.07MB
 d7ed961b6ca6 Downloading 77.59MB
 74c92fb916ba Downloading 46.14MB
 910494f7b113 Downloading 23.07MB
 d7ed961b6ca6 Downloading 77.59MB
 74c92fb916ba Downloading 46.14MB
 910494f7b113 Downloading 23.07MB
 d7ed961b6ca6 Downloading 77.59MB
 74c92fb916ba Downloading 46.14MB
 910494f7b113 Downloading 23.07MB
 d7ed961b6ca6 Downloading 77.59MB
 74c92fb916ba Downloading 46.14MB
 910494f7b113 Downloading 23.07MB
 d7ed961b6ca6 Downloading 77.59MB
 74c92fb916ba Downloading 46.14MB
 74c92fb916ba Downloading 46.14MB
 910494f7b113 Downloading 23.07MB
 d7ed961b6ca6 Downloading 77.59MB
 910494f7b113 Downloading 23.07MB
 d7ed961b6ca6 Downloading 77.59MB
 74c92fb916ba Downloading 46.14MB
 910494f7b113 Downloading 23.07MB
 d7ed961b6ca6 Downloading 77.59MB
 74c92fb916ba Downloading 46.14MB
 910494f7b113 Downloading 23.07MB
 d7ed961b6ca6 Downloading 77.59MB
 74c92fb916ba Downloading 46.14MB
 910494f7b113 Downloading 23.07MB
 d7ed961b6ca6 Downloading 77.59MB
 74c92fb916ba Downloading 46.14MB
 910494f7b113 Downloading 23.07MB
 d7ed961b6ca6 Downloading 77.59MB
 74c92fb916ba Downloading 46.14MB
 910494f7b113 Downloading 23.07MB
 d7ed961b6ca6 Downloading 77.59MB
 74c92fb916ba Downloading 46.14MB
 74c92fb916ba Downloading 46.14MB
 910494f7b113 Downloading 23.07MB
 d7ed961b6ca6 Downloading 77.59MB
 910494f7b113 Downloading 23.07MB
 d7ed961b6ca6 Downloading 78.64MB
 74c92fb916ba Downloading 46.14MB
 910494f7b113 Downloading 23.07MB
 d7ed961b6ca6 Downloading 79.69MB
 74c92fb916ba Downloading 46.14MB
 d7ed961b6ca6 Downloading 79.69MB
 74c92fb916ba Downloading 46.14MB
 910494f7b113 Downloading 23.07MB
 910494f7b113 Downloading 23.07MB
 d7ed961b6ca6 Downloading 79.69MB
 74c92fb916ba Downloading 47.19MB
 910494f7b113 Downloading 23.07MB
 d7ed961b6ca6 Downloading 79.69MB
 74c92fb916ba Downloading 47.19MB
 910494f7b113 Downloading 23.07MB
 d7ed961b6ca6 Downloading 79.69MB
 74c92fb916ba Downloading 50.33MB
 910494f7b113 Downloading 23.07MB
 d7ed961b6ca6 Downloading 79.69MB
 74c92fb916ba Downloading 50.33MB
 910494f7b113 Downloading 23.07MB
 d7ed961b6ca6 Downloading 79.69MB
 74c92fb916ba Downloading 50.33MB
 910494f7b113 Downloading 23.07MB
 d7ed961b6ca6 Downloading 79.69MB
 74c92fb916ba Downloading 50.33MB
 910494f7b113 Downloading 23.07MB
 d7ed961b6ca6 Downloading 81.79MB
 74c92fb916ba Downloading 50.33MB
 910494f7b113 Downloading 24.12MB
 d7ed961b6ca6 Downloading 81.79MB
 74c92fb916ba Downloading 50.33MB
 910494f7b113 Downloading 25.17MB
 d7ed961b6ca6 Downloading 81.79MB
 74c92fb916ba Downloading 50.33MB
 910494f7b113 Downloading 27.26MB
 d7ed961b6ca6 Downloading 81.79MB
 74c92fb916ba Downloading 50.33MB
 d7ed961b6ca6 Downloading 81.79MB
 74c92fb916ba Downloading 50.33MB
 910494f7b113 Downloading 27.26MB
 910494f7b113 Downloading 27.26MB
 d7ed961b6ca6 Downloading 81.79MB
 74c92fb916ba Downloading 50.33MB
 74c92fb916ba Downloading 50.33MB
 910494f7b113 Downloading 28.31MB
 d7ed961b6ca6 Downloading 81.79MB
 910494f7b113 Downloading 29.36MB
 d7ed961b6ca6 Downloading 81.79MB
 74c92fb916ba Downloading 50.33MB
 910494f7b113 Downloading 30.41MB
 d7ed961b6ca6 Downloading 81.79MB
 74c92fb916ba Downloading 50.33MB
 910494f7b113 Downloading 31.46MB
 d7ed961b6ca6 Downloading 81.79MB
 74c92fb916ba Downloading 50.33MB
 910494f7b113 Downloading 32.51MB
 d7ed961b6ca6 Downloading 83.89MB
 74c92fb916ba Downloading 50.33MB
 910494f7b113 Downloading 33.55MB
 d7ed961b6ca6 Downloading 85.98MB
 74c92fb916ba Downloading 50.33MB
 910494f7b113 Downloading 33.55MB
 d7ed961b6ca6 Downloading 85.98MB
 74c92fb916ba Downloading 50.33MB
 910494f7b113 Downloading 33.55MB
 d7ed961b6ca6 Downloading 85.98MB
 74c92fb916ba Downloading 50.33MB
 910494f7b113 Downloading 33.55MB
 d7ed961b6ca6 Downloading 85.98MB
 74c92fb916ba Downloading 50.33MB
 910494f7b113 Downloading 33.55MB
 d7ed961b6ca6 Downloading 88.08MB
 74c92fb916ba Downloading 50.33MB
 910494f7b113 Downloading 33.55MB
 d7ed961b6ca6 Downloading 88.08MB
 74c92fb916ba Downloading 50.33MB
 74c92fb916ba Downloading 50.33MB
 910494f7b113 Downloading 33.55MB
 d7ed961b6ca6 Downloading 89.13MB
 910494f7b113 Downloading 33.55MB
 d7ed961b6ca6 Downloading 90.18MB
 74c92fb916ba Downloading 50.33MB
 910494f7b113 Downloading 33.55MB
 d7ed961b6ca6 Downloading 90.18MB
 74c92fb916ba Downloading 50.33MB
 910494f7b113 Downloading 33.55MB
 d7ed961b6ca6 Downloading 92.27MB
 74c92fb916ba Downloading 50.33MB
 910494f7b113 Downloading 33.55MB
 d7ed961b6ca6 Downloading 92.27MB
 74c92fb916ba Downloading 50.33MB
 910494f7b113 Downloading 33.55MB
 d7ed961b6ca6 Downloading 92.27MB
 74c92fb916ba Downloading 50.33MB
 910494f7b113 Downloading 33.55MB
 d7ed961b6ca6 Downloading 92.27MB
 74c92fb916ba Downloading 50.33MB
 910494f7b113 Downloading 33.55MB
 d7ed961b6ca6 Downloading 92.27MB
 74c92fb916ba Downloading 50.33MB
 910494f7b113 Downloading 33.55MB
 d7ed961b6ca6 Downloading 92.27MB
 74c92fb916ba Downloading 51.38MB
 910494f7b113 Downloading 34.6MB
 d7ed961b6ca6 Downloading 92.27MB
 74c92fb916ba Downloading 52.43MB
 910494f7b113 Downloading 37.75MB
 d7ed961b6ca6 Downloading 92.27MB
 74c92fb916ba Downloading 52.43MB
 910494f7b113 Downloading 37.75MB
 d7ed961b6ca6 Downloading 92.27MB
 74c92fb916ba Downloading 52.43MB
 910494f7b113 Downloading 37.75MB
 d7ed961b6ca6 Downloading 92.27MB
 74c92fb916ba Downloading 52.43MB
 74c92fb916ba Downloading 52.43MB
 910494f7b113 Downloading 38.8MB
 d7ed961b6ca6 Downloading 92.27MB
 910494f7b113 Downloading 39.85MB
 d7ed961b6ca6 Downloading 92.27MB
 74c92fb916ba Downloading 52.43MB
 d7ed961b6ca6 Downloading 92.27MB
 74c92fb916ba Downloading 52.43MB
 910494f7b113 Downloading 40.89MB
 910494f7b113 Downloading 41.94MB
 d7ed961b6ca6 Downloading 92.27MB
 74c92fb916ba Downloading 52.43MB
 d7ed961b6ca6 Downloading 92.27MB
 74c92fb916ba Downloading 52.43MB
 910494f7b113 Downloading 41.94MB
 910494f7b113 Downloading 41.94MB
 d7ed961b6ca6 Downloading 92.27MB
 74c92fb916ba Downloading 52.43MB
 910494f7b113 Downloading 44.04MB
 d7ed961b6ca6 Downloading 92.27MB
 74c92fb916ba Downloading 52.43MB
 910494f7b113 Downloading 44.04MB
 d7ed961b6ca6 Downloading 92.27MB
 74c92fb916ba Downloading 53.48MB
 910494f7b113 Downloading 45.09MB
 d7ed961b6ca6 Downloading 92.27MB
 74c92fb916ba Downloading 56.62MB
 910494f7b113 Downloading 46.14MB
 d7ed961b6ca6 Downloading 92.27MB
 74c92fb916ba Downloading 56.62MB
 910494f7b113 Downloading 46.14MB
 d7ed961b6ca6 Downloading 92.27MB
 74c92fb916ba Downloading 56.62MB
 910494f7b113 Downloading 48.23MB
 d7ed961b6ca6 Downloading 92.27MB
 74c92fb916ba Downloading 56.62MB
 910494f7b113 Downloading 48.23MB
 d7ed961b6ca6 Downloading 92.27MB
 74c92fb916ba Downloading 58.72MB
 d7ed961b6ca6 Downloading 92.27MB
 74c92fb916ba Downloading 59.77MB
 910494f7b113 Downloading 50.33MB
 910494f7b113 Downloading 50.33MB
 d7ed961b6ca6 Downloading 92.27MB
 74c92fb916ba Downloading 60.82MB
 910494f7b113 Downloading 50.33MB
 d7ed961b6ca6 Downloading 92.27MB
 74c92fb916ba Downloading 60.82MB
 910494f7b113 Downloading 51.38MB
 d7ed961b6ca6 Downloading 92.27MB
 74c92fb916ba Downloading 60.82MB
 910494f7b113 Downloading 52.43MB
 d7ed961b6ca6 Downloading 92.27MB
 74c92fb916ba Downloading 60.82MB
 910494f7b113 Downloading 52.43MB
 d7ed961b6ca6 Downloading 92.27MB
 74c92fb916ba Downloading 60.82MB
 910494f7b113 Downloading 53.48MB
 d7ed961b6ca6 Downloading 92.27MB
 74c92fb916ba Downloading 60.82MB
 910494f7b113 Downloading 54.53MB
 d7ed961b6ca6 Downloading 92.27MB
 74c92fb916ba Downloading 60.82MB
 910494f7b113 Downloading 55.57MB
 d7ed961b6ca6 Downloading 92.27MB
 74c92fb916ba Downloading 60.82MB
 910494f7b113 Downloading 56.62MB
 d7ed961b6ca6 Downloading 92.27MB
 74c92fb916ba Downloading 60.82MB
 d7ed961b6ca6 Downloading 92.27MB
 74c92fb916ba Downloading 60.82MB
 910494f7b113 Downloading 56.62MB
 910494f7b113 Downloading 57.67MB
 d7ed961b6ca6 Downloading 92.27MB
 74c92fb916ba Downloading 60.82MB
 910494f7b113 Downloading 58.72MB
 d7ed961b6ca6 Downloading 92.27MB
 74c92fb916ba Downloading 60.82MB
 910494f7b113 Downloading 58.72MB
 d7ed961b6ca6 Downloading 92.27MB
 74c92fb916ba Downloading 60.82MB
 910494f7b113 Downloading 58.72MB
 d7ed961b6ca6 Downloading 92.27MB
 74c92fb916ba Downloading 60.82MB
 910494f7b113 Downloading 58.72MB
 d7ed961b6ca6 Downloading 92.27MB
 74c92fb916ba Downloading 60.82MB
 910494f7b113 Downloading 62.91MB
 d7ed961b6ca6 Downloading 92.27MB
 74c92fb916ba Downloading 60.82MB
 910494f7b113 Downloading 62.91MB
 d7ed961b6ca6 Downloading 93.32MB
 74c92fb916ba Downloading 60.82MB
 910494f7b113 Downloading 62.91MB
 d7ed961b6ca6 Downloading 96.47MB
 74c92fb916ba Downloading 62.91MB
 910494f7b113 Downloading 63.96MB
 d7ed961b6ca6 Downloading 96.47MB
 74c92fb916ba Downloading 65.01MB
 910494f7b113 Downloading 65.01MB
 d7ed961b6ca6 Downloading 96.47MB
 74c92fb916ba Downloading 65.01MB
 910494f7b113 Downloading 65.01MB
 d7ed961b6ca6 Downloading 98.57MB
 74c92fb916ba Downloading 65.01MB
 910494f7b113 Downloading 67.11MB
 d7ed961b6ca6 Downloading 98.57MB
 74c92fb916ba Downloading 65.01MB
 910494f7b113 Downloading 67.11MB
 d7ed961b6ca6 Downloading 98.57MB
 74c92fb916ba Downloading 65.01MB
 910494f7b113 Downloading 68.16MB
 d7ed961b6ca6 Downloading 100.7MB
 74c92fb916ba Downloading 65.01MB
 910494f7b113 Downloading 69.21MB
 d7ed961b6ca6 Downloading 100.7MB
 74c92fb916ba Downloading 65.01MB
 910494f7b113 Downloading 69.21MB
 d7ed961b6ca6 Downloading 100.7MB
 74c92fb916ba Downloading 65.01MB
 910494f7b113 Downloading 71.3MB
 d7ed961b6ca6 Downloading 101.7MB
 74c92fb916ba Downloading 65.01MB
 910494f7b113 Downloading 71.3MB
 d7ed961b6ca6 Downloading 102.8MB
 74c92fb916ba Downloading 65.01MB
 d7ed961b6ca6 Downloading 102.8MB
 74c92fb916ba Downloading 65.01MB
 910494f7b113 Downloading 71.3MB
 910494f7b113 Downloading 72.35MB
 d7ed961b6ca6 Downloading 102.8MB
 74c92fb916ba Downloading 65.01MB
 910494f7b113 Downloading 73.4MB
 d7ed961b6ca6 Downloading 102.8MB
 74c92fb916ba Downloading 65.01MB
 74c92fb916ba Downloading 65.01MB
 910494f7b113 Downloading 74.45MB
 d7ed961b6ca6 Downloading 104.9MB
 910494f7b113 Downloading 75.5MB
 d7ed961b6ca6 Downloading 105.9MB
 74c92fb916ba Downloading 65.01MB
 910494f7b113 Downloading 75.5MB
 d7ed961b6ca6 Downloading 107MB
 74c92fb916ba Downloading 65.01MB
 910494f7b113 Downloading 77.59MB
 d7ed961b6ca6 Downloading 107MB
 74c92fb916ba Downloading 65.01MB
 910494f7b113 Downloading 77.59MB
 d7ed961b6ca6 Downloading 108MB
 74c92fb916ba Downloading 65.01MB
 910494f7b113 Downloading 77.59MB
 d7ed961b6ca6 Downloading 108MB
 74c92fb916ba Downloading 65.01MB
 910494f7b113 Downloading 78.64MB
 d7ed961b6ca6 Downloading 108MB
 74c92fb916ba Downloading 65.01MB
 910494f7b113 Downloading 78.64MB
 d7ed961b6ca6 Downloading 109.1MB
 74c92fb916ba Downloading 65.01MB
 910494f7b113 Downloading 78.64MB
 d7ed961b6ca6 Downloading 109.1MB
 74c92fb916ba Downloading 65.01MB
 74c92fb916ba Downloading 66.06MB
 910494f7b113 Downloading 79.69MB
 d7ed961b6ca6 Downloading 110.1MB
 910494f7b113 Downloading 79.69MB
 d7ed961b6ca6 Downloading 111.1MB
 74c92fb916ba Downloading 66.06MB
 910494f7b113 Downloading 80.74MB
 d7ed961b6ca6 Downloading 111.1MB
 74c92fb916ba Downloading 66.06MB
 910494f7b113 Downloading 81.79MB
 d7ed961b6ca6 Downloading 111.1MB
 74c92fb916ba Downloading 67.11MB
 910494f7b113 Downloading 82.84MB
 d7ed961b6ca6 Downloading 111.1MB
 74c92fb916ba Downloading 67.11MB
 910494f7b113 Downloading 83.31MB
 d7ed961b6ca6 Downloading 111.1MB
 74c92fb916ba Downloading 68.16MB
 910494f7b113 Downloading 83.89MB
 d7ed961b6ca6 Downloading 111.1MB
 74c92fb916ba Downloading 69.21MB
 910494f7b113 Downloading 84.93MB
 d7ed961b6ca6 Downloading 111.1MB
 74c92fb916ba Downloading 69.21MB
 910494f7b113 Downloading 85.98MB
 d7ed961b6ca6 Downloading 111.1MB
 74c92fb916ba Downloading 69.21MB
 910494f7b113 Downloading 88.08MB
 d7ed961b6ca6 Downloading 111.1MB
 74c92fb916ba Downloading 69.21MB
 910494f7b113 Downloading 89.13MB
 d7ed961b6ca6 Downloading 111.1MB
 74c92fb916ba Downloading 69.21MB
 910494f7b113 Downloading 90.18MB
 d7ed961b6ca6 Downloading 111.1MB
 74c92fb916ba Downloading 69.21MB
 910494f7b113 Downloading 91.23MB
 d7ed961b6ca6 Downloading 111.1MB
 74c92fb916ba Downloading 69.21MB
 910494f7b113 Downloading 92.27MB
 d7ed961b6ca6 Downloading 111.1MB
 74c92fb916ba Downloading 69.21MB
 910494f7b113 Downloading 92.27MB
 d7ed961b6ca6 Downloading 111.1MB
 74c92fb916ba Downloading 69.21MB
 910494f7b113 Downloading 93.32MB
 d7ed961b6ca6 Downloading 111.1MB
 74c92fb916ba Downloading 69.21MB
 910494f7b113 Downloading 94.37MB
 d7ed961b6ca6 Downloading 111.1MB
 74c92fb916ba Downloading 69.21MB
 910494f7b113 Downloading 95.42MB
 d7ed961b6ca6 Downloading 111.1MB
 74c92fb916ba Downloading 69.21MB
 910494f7b113 Downloading 96.47MB
 d7ed961b6ca6 Downloading 111.1MB
 74c92fb916ba Downloading 69.21MB
 910494f7b113 Downloading 96.47MB
 d7ed961b6ca6 Downloading 111.1MB
 74c92fb916ba Downloading 70.25MB
 910494f7b113 Downloading 97.52MB
 d7ed961b6ca6 Downloading 111.1MB
 74c92fb916ba Downloading 70.25MB
 910494f7b113 Downloading 98.57MB
 d7ed961b6ca6 Downloading 111.1MB
 74c92fb916ba Downloading 70.25MB
 910494f7b113 Downloading 99.61MB
 d7ed961b6ca6 Downloading 111.1MB
 74c92fb916ba Downloading 71.3MB
 910494f7b113 Downloading 100.7MB
 d7ed961b6ca6 Downloading 111.1MB
 74c92fb916ba Downloading 71.3MB
 910494f7b113 Downloading 100.7MB
 d7ed961b6ca6 Downloading 111.1MB
 74c92fb916ba Downloading 72.35MB
 910494f7b113 Downloading 101.7MB
 d7ed961b6ca6 Downloading 111.1MB
 74c92fb916ba Downloading 72.35MB
 910494f7b113 Downloading 102.8MB
 d7ed961b6ca6 Downloading 111.1MB
 74c92fb916ba Downloading 73.4MB
 910494f7b113 Downloading 103.8MB
 d7ed961b6ca6 Downloading 111.1MB
 74c92fb916ba Downloading 73.4MB
 d7ed961b6ca6 Downloading 111.1MB
 74c92fb916ba Downloading 74.45MB
 910494f7b113 Downloading 104.9MB
 d7ed961b6ca6 Downloading 111.1MB
 74c92fb916ba Downloading 74.45MB
 910494f7b113 Downloading 104.9MB
 910494f7b113 Downloading 107MB
 d7ed961b6ca6 Downloading 111.1MB
 74c92fb916ba Downloading 75.5MB
 910494f7b113 Downloading 107MB
 d7ed961b6ca6 Downloading 111.1MB
 74c92fb916ba Downloading 75.5MB
 910494f7b113 Downloading 108MB
 d7ed961b6ca6 Downloading 111.1MB
 74c92fb916ba Downloading 75.5MB
 910494f7b113 Downloading 109.1MB
 d7ed961b6ca6 Downloading 111.1MB
 74c92fb916ba Downloading 76.55MB
 d7ed961b6ca6 Downloading 111.1MB
 74c92fb916ba Downloading 76.55MB
 910494f7b113 Downloading 109.1MB
 910494f7b113 Downloading 109.1MB
 d7ed961b6ca6 Downloading 111.1MB
 74c92fb916ba Downloading 77.59MB
 910494f7b113 Downloading 109.1MB
 d7ed961b6ca6 Downloading 111.1MB
 74c92fb916ba Downloading 78.64MB
 910494f7b113 Downloading 109.1MB
 d7ed961b6ca6 Downloading 111.1MB
 74c92fb916ba Downloading 79.69MB
 910494f7b113 Downloading 109.1MB
 d7ed961b6ca6 Downloading 111.1MB
 74c92fb916ba Downloading 81.79MB
 910494f7b113 Downloading 109.1MB
 d7ed961b6ca6 Downloading 111.1MB
 74c92fb916ba Downloading 81.79MB
 910494f7b113 Downloading 109.1MB
 d7ed961b6ca6 Downloading 111.1MB
 74c92fb916ba Downloading 82.84MB
 910494f7b113 Downloading 109.1MB
 d7ed961b6ca6 Downloading 111.1MB
 74c92fb916ba Downloading 83.89MB
 74c92fb916ba Downloading 83.89MB
 910494f7b113 Downloading 109.1MB
 d7ed961b6ca6 Downloading 111.1MB
 910494f7b113 Downloading 109.1MB
 d7ed961b6ca6 Downloading 111.1MB
 74c92fb916ba Downloading 84.93MB
 910494f7b113 Downloading 109.1MB
 d7ed961b6ca6 Downloading 111.1MB
 74c92fb916ba Downloading 85.98MB
 910494f7b113 Downloading 109.1MB
 d7ed961b6ca6 Downloading 111.1MB
 74c92fb916ba Downloading 85.98MB
 910494f7b113 Downloading 109.1MB
 d7ed961b6ca6 Downloading 112.2MB
 74c92fb916ba Downloading 88.08MB
 74c92fb916ba Downloading 88.08MB
 910494f7b113 Downloading 109.1MB
 d7ed961b6ca6 Downloading 112.2MB
 910494f7b113 Downloading 109.1MB
 d7ed961b6ca6 Downloading 112.2MB
 74c92fb916ba Downloading 89.13MB
 d7ed961b6ca6 Downloading 112.2MB
 74c92fb916ba Downloading 90.18MB
 910494f7b113 Downloading 109.1MB
 910494f7b113 Downloading 110.1MB
 d7ed961b6ca6 Downloading 112.2MB
 74c92fb916ba Downloading 90.18MB
 910494f7b113 Downloading 111.1MB
 d7ed961b6ca6 Downloading 112.2MB
 74c92fb916ba Downloading 90.18MB
 74c92fb916ba Downloading 91.23MB
 910494f7b113 Downloading 111.1MB
 d7ed961b6ca6 Downloading 112.2MB
 910494f7b113 Downloading 111.1MB
 d7ed961b6ca6 Downloading 112.2MB
 74c92fb916ba Downloading 92.27MB
 910494f7b113 Downloading 113.2MB
 d7ed961b6ca6 Downloading 114.3MB
 74c92fb916ba Downloading 93.32MB
 910494f7b113 Downloading 113.2MB
 d7ed961b6ca6 Downloading 115.3MB
 74c92fb916ba Downloading 93.32MB
 910494f7b113 Downloading 113.2MB
 d7ed961b6ca6 Downloading 115.3MB
 74c92fb916ba Downloading 94.37MB
 910494f7b113 Downloading 113.2MB
 d7ed961b6ca6 Downloading 116.4MB
 74c92fb916ba Downloading 95.42MB
 910494f7b113 Downloading 115.3MB
 d7ed961b6ca6 Downloading 117.4MB
 74c92fb916ba Downloading 96.47MB
 910494f7b113 Downloading 115.3MB
 d7ed961b6ca6 Downloading 117.4MB
 74c92fb916ba Downloading 96.47MB
 910494f7b113 Downloading 115.3MB
 d7ed961b6ca6 Downloading 117.4MB
 74c92fb916ba Downloading 98.57MB
 910494f7b113 Downloading 115.3MB
 d7ed961b6ca6 Downloading 117.4MB
 74c92fb916ba Downloading 98.57MB
 910494f7b113 Downloading 116.4MB
 d7ed961b6ca6 Downloading 117.4MB
 74c92fb916ba Downloading 98.57MB
 910494f7b113 Downloading 116.4MB
 d7ed961b6ca6 Downloading 118.5MB
 74c92fb916ba Downloading 98.57MB
 910494f7b113 Downloading 117.4MB
 d7ed961b6ca6 Downloading 118.5MB
 74c92fb916ba Downloading 98.57MB
 910494f7b113 Downloading 117.4MB
 d7ed961b6ca6 Downloading 118.5MB
 74c92fb916ba Downloading 99.61MB
 910494f7b113 Downloading 117.4MB
 d7ed961b6ca6 Downloading 119.5MB
 74c92fb916ba Downloading 100.7MB
 910494f7b113 Downloading 118.5MB
 d7ed961b6ca6 Downloading 119.5MB
 74c92fb916ba Downloading 100.7MB
 910494f7b113 Downloading 118.5MB
 d7ed961b6ca6 Downloading 119.5MB
 74c92fb916ba Downloading 101.7MB
 910494f7b113 Downloading 118.5MB
 d7ed961b6ca6 Downloading 120.6MB
 74c92fb916ba Downloading 102.8MB
 910494f7b113 Downloading 119.5MB
 d7ed961b6ca6 Downloading 120.6MB
 74c92fb916ba Downloading 102.8MB
 910494f7b113 Downloading 119.5MB
 d7ed961b6ca6 Downloading 120.6MB
 74c92fb916ba Downloading 103.8MB
 d7ed961b6ca6 Downloading 121.6MB
 74c92fb916ba Downloading 104.9MB
 910494f7b113 Downloading 119.5MB
 910494f7b113 Downloading 120.6MB
 d7ed961b6ca6 Downloading 121.6MB
 74c92fb916ba Downloading 104.9MB
 910494f7b113 Downloading 120.6MB
 d7ed961b6ca6 Downloading 121.6MB
 74c92fb916ba Downloading 105.9MB
 910494f7b113 Downloading 120.6MB
 d7ed961b6ca6 Downloading 121.6MB
 74c92fb916ba Downloading 105.9MB
 910494f7b113 Downloading 121.6MB
 d7ed961b6ca6 Downloading 122.7MB
 74c92fb916ba Downloading 107MB
 910494f7b113 Downloading 121.6MB
 d7ed961b6ca6 Downloading 122.7MB
 74c92fb916ba Downloading 107MB
 d7ed961b6ca6 Downloading 123.7MB
 74c92fb916ba Downloading 108MB
 910494f7b113 Downloading 121.6MB
 910494f7b113 Downloading 122.7MB
 d7ed961b6ca6 Downloading 123.7MB
 74c92fb916ba Downloading 108MB
 910494f7b113 Downloading 122.7MB
 d7ed961b6ca6 Downloading 123.7MB
 74c92fb916ba Downloading 109.1MB
 910494f7b113 Downloading 122.7MB
 d7ed961b6ca6 Downloading 124.8MB
 74c92fb916ba Downloading 109.1MB
 d7ed961b6ca6 Downloading 124.8MB
 74c92fb916ba Downloading 110.1MB
 910494f7b113 Downloading 122.7MB
 910494f7b113 Downloading 123.7MB
 d7ed961b6ca6 Downloading 125.8MB
 74c92fb916ba Downloading 110.1MB
 910494f7b113 Downloading 123.7MB
 d7ed961b6ca6 Downloading 125.8MB
 74c92fb916ba Downloading 111.1MB
 910494f7b113 Downloading 123.7MB
 d7ed961b6ca6 Downloading 125.8MB
 74c92fb916ba Downloading 111.1MB
 910494f7b113 Downloading 124.8MB
 d7ed961b6ca6 Downloading 126.9MB
 74c92fb916ba Downloading 112.2MB
 910494f7b113 Downloading 124.8MB
 d7ed961b6ca6 Downloading 126.9MB
 74c92fb916ba Downloading 112.2MB
 910494f7b113 Downloading 124.8MB
 d7ed961b6ca6 Downloading 127.9MB
 74c92fb916ba Downloading 113.2MB
 910494f7b113 Downloading 124.8MB
 d7ed961b6ca6 Downloading 127.9MB
 74c92fb916ba Downloading 113.2MB
 910494f7b113 Downloading 125.8MB
 d7ed961b6ca6 Downloading 127.9MB
 74c92fb916ba Downloading 114.3MB
 910494f7b113 Downloading 125.8MB
 d7ed961b6ca6 Downloading 127.9MB
 74c92fb916ba Downloading 114.3MB
 910494f7b113 Downloading 125.8MB
 d7ed961b6ca6 Downloading 130MB
 74c92fb916ba Downloading 115.3MB
 910494f7b113 Downloading 125.8MB
 d7ed961b6ca6 Downloading 130MB
 74c92fb916ba Downloading 115.3MB
 d7ed961b6ca6 Downloading 130MB
 74c92fb916ba Downloading 116.4MB
 910494f7b113 Downloading 126.9MB
 910494f7b113 Downloading 126.9MB
 d7ed961b6ca6 Downloading 131.1MB
 74c92fb916ba Downloading 116.4MB
 910494f7b113 Downloading 127.9MB
 d7ed961b6ca6 Downloading 131.1MB
 74c92fb916ba Downloading 117.4MB
 910494f7b113 Downloading 127.9MB
 d7ed961b6ca6 Downloading 131.1MB
 74c92fb916ba Downloading 117.4MB
 910494f7b113 Downloading 129MB
 d7ed961b6ca6 Downloading 131.1MB
 74c92fb916ba Downloading 118.5MB
 910494f7b113 Downloading 129MB
 d7ed961b6ca6 Downloading 131.1MB
 74c92fb916ba Downloading 118.5MB
 910494f7b113 Downloading 130MB
 d7ed961b6ca6 Downloading 132.1MB
 74c92fb916ba Downloading 118.5MB
 910494f7b113 Downloading 130MB
 d7ed961b6ca6 Downloading 132.1MB
 74c92fb916ba Downloading 118.5MB
 910494f7b113 Downloading 130MB
 d7ed961b6ca6 Downloading 133.2MB
 74c92fb916ba Downloading 119.5MB
 910494f7b113 Downloading 130MB
 d7ed961b6ca6 Downloading 133.2MB
 74c92fb916ba Downloading 119.5MB
 d7ed961b6ca6 Downloading 133.2MB
 74c92fb916ba Downloading 120.6MB
 910494f7b113 Downloading 131.1MB
 910494f7b113 Downloading 131.1MB
 d7ed961b6ca6 Downloading 134.2MB
 74c92fb916ba Downloading 121.6MB
 910494f7b113 Downloading 132.1MB
 d7ed961b6ca6 Downloading 134.2MB
 74c92fb916ba Downloading 121.6MB
 910494f7b113 Downloading 132.1MB
 d7ed961b6ca6 Downloading 134.2MB
 74c92fb916ba Downloading 121.6MB
 910494f7b113 Downloading 132.1MB
 d7ed961b6ca6 Downloading 134.2MB
 74c92fb916ba Downloading 122.7MB
 910494f7b113 Downloading 133.2MB
 d7ed961b6ca6 Downloading 135.3MB
 74c92fb916ba Downloading 122.7MB
 910494f7b113 Downloading 133.2MB
 d7ed961b6ca6 Downloading 135.3MB
 74c92fb916ba Downloading 123.7MB
 910494f7b113 Downloading 134.2MB
 d7ed961b6ca6 Downloading 135.3MB
 74c92fb916ba Downloading 124.8MB
 910494f7b113 Downloading 134.2MB
 d7ed961b6ca6 Downloading 136.3MB
 74c92fb916ba Downloading 124.8MB
 910494f7b113 Downloading 135.3MB
 d7ed961b6ca6 Downloading 136.3MB
 74c92fb916ba Downloading 124.8MB
 d7ed961b6ca6 Downloading 136.3MB
 74c92fb916ba Downloading 125.8MB
 910494f7b113 Downloading 135.3MB
 910494f7b113 Downloading 136.3MB
 d7ed961b6ca6 Downloading 137.4MB
 74c92fb916ba Downloading 125.8MB
 910494f7b113 Downloading 136.3MB
 d7ed961b6ca6 Downloading 137.4MB
 74c92fb916ba Downloading 126.9MB
 910494f7b113 Downloading 136.3MB
 d7ed961b6ca6 Downloading 138.4MB
 74c92fb916ba Downloading 126.9MB
 74c92fb916ba Downloading 127.9MB
 910494f7b113 Downloading 137.4MB
 d7ed961b6ca6 Downloading 138.4MB
 910494f7b113 Downloading 137.4MB
 d7ed961b6ca6 Downloading 138.4MB
 74c92fb916ba Downloading 127.9MB
 910494f7b113 Downloading 137.4MB
 d7ed961b6ca6 Downloading 139.5MB
 74c92fb916ba Downloading 129MB
 910494f7b113 Downloading 138.4MB
 d7ed961b6ca6 Downloading 139.5MB
 74c92fb916ba Downloading 129MB
 910494f7b113 Downloading 138.4MB
 d7ed961b6ca6 Downloading 139.5MB
 74c92fb916ba Downloading 130MB
 910494f7b113 Downloading 139.5MB
 d7ed961b6ca6 Downloading 140.5MB
 74c92fb916ba Downloading 130MB
 910494f7b113 Downloading 139.5MB
 d7ed961b6ca6 Downloading 140.5MB
 74c92fb916ba Downloading 130MB
 910494f7b113 Downloading 139.5MB
 d7ed961b6ca6 Downloading 141.6MB
 74c92fb916ba Downloading 131.1MB
 910494f7b113 Downloading 140.5MB
 d7ed961b6ca6 Downloading 141.6MB
 74c92fb916ba Downloading 131.1MB
 910494f7b113 Downloading 140.5MB
 d7ed961b6ca6 Downloading 142.6MB
 74c92fb916ba Download complete 0B
 d7ed961b6ca6 Downloading 142.6MB
 910494f7b113 Downloading 141.6MB
 910494f7b113 Downloading 141.6MB
 d7ed961b6ca6 Downloading 143.7MB
 910494f7b113 Downloading 142.6MB
 d7ed961b6ca6 Downloading 143.7MB
 d7ed961b6ca6 Downloading 144.7MB
 910494f7b113 Downloading 142.6MB
 910494f7b113 Downloading 143.7MB
 d7ed961b6ca6 Downloading 145.8MB
 910494f7b113 Downloading 143.7MB
 d7ed961b6ca6 Downloading 145.8MB
 910494f7b113 Downloading 144.7MB
 d7ed961b6ca6 Downloading 146.8MB
 910494f7b113 Downloading 144.7MB
 d7ed961b6ca6 Downloading 146.8MB
 910494f7b113 Downloading 145.8MB
 d7ed961b6ca6 Downloading 147.8MB
 910494f7b113 Downloading 146.8MB
 d7ed961b6ca6 Downloading 148.9MB
 39c8ce9a80d2 Pulling fs layer 0B
 d0c8865a0302 Pulling fs layer 0B
 546fbfcace65 Pulling fs layer 0B
 62481e699c81 Pulling fs layer 0B
 cf67644788eb Pulling fs layer 0B
 68a66c893f7c Pulling fs layer 0B
 df0d0d229f33 Pulling fs layer 0B
 d7ab9c0b242a Pulling fs layer 0B
 910494f7b113 Downloading 147.8MB
 d7ed961b6ca6 Downloading 149.9MB
 910494f7b113 Downloading 147.8MB
 d7ed961b6ca6 Downloading 149.9MB
 910494f7b113 Downloading 147.8MB
 d7ed961b6ca6 Downloading 151MB
 910494f7b113 Downloading 148.9MB
 d7ed961b6ca6 Downloading 152MB
 39c8ce9a80d2 Download complete 0B
 d7ed961b6ca6 Downloading 152MB
 910494f7b113 Downloading 148.9MB
 910494f7b113 Downloading 148.9MB
 d7ed961b6ca6 Downloading 153.1MB
 910494f7b113 Downloading 149.9MB
 d7ed961b6ca6 Downloading 154.1MB
 910494f7b113 Downloading 149.9MB
 d7ed961b6ca6 Downloading 154.1MB
 d0c8865a0302 Download complete 0B
 910494f7b113 Downloading 151MB
 d7ed961b6ca6 Downloading 155.2MB
 910494f7b113 Downloading 151MB
 d7ed961b6ca6 Downloading 155.2MB
 910494f7b113 Downloading 152MB
 d7ed961b6ca6 Downloading 156.2MB
 d7ed961b6ca6 Downloading 157.3MB
 910494f7b113 Downloading 152MB
 910494f7b113 Downloading 153.1MB
 d7ed961b6ca6 Downloading 157.3MB
 62481e699c81 Downloading 1.049MB
 910494f7b113 Downloading 153.1MB
 d7ed961b6ca6 Downloading 158.3MB
 62481e699c81 Downloading 1.049MB
 910494f7b113 Downloading 154.1MB
 d7ed961b6ca6 Downloading 158.3MB
 62481e699c81 Downloading 1.049MB
 910494f7b113 Downloading 154.1MB
 d7ed961b6ca6 Downloading 159.4MB
 62481e699c81 Downloading 1.049MB
 910494f7b113 Downloading 155.2MB
 d7ed961b6ca6 Downloading 159.4MB
 62481e699c81 Downloading 1.049MB
 910494f7b113 Downloading 155.2MB
 d7ed961b6ca6 Downloading 159.4MB
 62481e699c81 Downloading 2.097MB
 910494f7b113 Downloading 156.2MB
 d7ed961b6ca6 Downloading 160.4MB
 62481e699c81 Downloading 2.097MB
 910494f7b113 Downloading 156.2MB
 d7ed961b6ca6 Downloading 161.5MB
 62481e699c81 Downloading 2.402MB
 910494f7b113 Downloading 157.3MB
 d7ed961b6ca6 Downloading 162.5MB
 62481e699c81 Download complete 0B
 910494f7b113 Downloading 157.3MB
 d7ed961b6ca6 Downloading 162.5MB
 910494f7b113 Downloading 158.3MB
 d7ed961b6ca6 Downloading 162.5MB
 910494f7b113 Downloading 158.3MB
 d7ed961b6ca6 Downloading 163.6MB
 910494f7b113 Downloading 159.4MB
 d7ed961b6ca6 Downloading 163.6MB
 910494f7b113 Downloading 159.4MB
 d7ed961b6ca6 Downloading 163.6MB
 910494f7b113 Downloading 159.4MB
 d7ed961b6ca6 Downloading 165.7MB
 910494f7b113 Downloading 161.5MB
 d7ed961b6ca6 Downloading 165.7MB
 910494f7b113 Downloading 161.5MB
 d7ed961b6ca6 Downloading 166.7MB
 910494f7b113 Downloading 161.5MB
 d7ed961b6ca6 Downloading 166.7MB
 910494f7b113 Downloading 162.5MB
 d7ed961b6ca6 Downloading 167.8MB
 546fbfcace65 Downloading 1.049MB
 910494f7b113 Downloading 163.6MB
 d7ed961b6ca6 Downloading 168.8MB
 546fbfcace65 Downloading 1.049MB
 910494f7b113 Downloading 163.6MB
 d7ed961b6ca6 Downloading 168.8MB
 546fbfcace65 Downloading 1.049MB
 910494f7b113 Downloading 164.6MB
 d7ed961b6ca6 Downloading 169.9MB
 546fbfcace65 Downloading 1.049MB
 910494f7b113 Downloading 164.6MB
 d7ed961b6ca6 Downloading 169.9MB
 546fbfcace65 Downloading 1.049MB
 910494f7b113 Downloading 165.7MB
 d7ed961b6ca6 Downloading 170.9MB
 546fbfcace65 Download complete 0B
 d0c8865a0302 Pull complete 0B
 910494f7b113 Downloading 165.7MB
 d7ed961b6ca6 Downloading 170.9MB
 546fbfcace65 Pull complete 0B
 d7ed961b6ca6 Downloading 172MB
 910494f7b113 Downloading 166.7MB
 910494f7b113 Downloading 167.8MB
 d7ed961b6ca6 Downloading 172MB
 910494f7b113 Downloading 167.8MB
 d7ed961b6ca6 Downloading 173MB
 910494f7b113 Downloading 167.8MB
 d7ed961b6ca6 Downloading 173MB
 910494f7b113 Downloading 168.8MB
 d7ed961b6ca6 Downloading 174.1MB
 910494f7b113 Downloading 169.9MB
 d7ed961b6ca6 Downloading 174.1MB
 cf67644788eb Downloading 1.049MB
 910494f7b113 Downloading 169.9MB
 d7ed961b6ca6 Downloading 174.1MB
 cf67644788eb Downloading 1.049MB
 910494f7b113 Downloading 169.9MB
 d7ed961b6ca6 Downloading 175.1MB
 cf67644788eb Downloading 1.049MB
 910494f7b113 Downloading 170.9MB
 d7ed961b6ca6 Downloading 175.1MB
 cf67644788eb Downloading 2.097MB
 910494f7b113 Downloading 172MB
 d7ed961b6ca6 Downloading 176.2MB
 cf67644788eb Downloading 2.097MB
 910494f7b113 Downloading 172MB
 d7ed961b6ca6 Downloading 176.2MB
 cf67644788eb Downloading 3.146MB
 910494f7b113 Downloading 173MB
 d7ed961b6ca6 Downloading 177.2MB
 cf67644788eb Downloading 3.146MB
 910494f7b113 Downloading 173MB
 d7ed961b6ca6 Downloading 177.2MB
 cf67644788eb Downloading 3.146MB
 910494f7b113 Downloading 173MB
 d7ed961b6ca6 Downloading 177.2MB
 cf67644788eb Downloading 4.194MB
 910494f7b113 Downloading 174.1MB
 d7ed961b6ca6 Downloading 177.2MB
 cf67644788eb Downloading 4.194MB
 910494f7b113 Downloading 174.1MB
 d7ed961b6ca6 Downloading 178.3MB
 cf67644788eb Downloading 4.194MB
 910494f7b113 Downloading 175.1MB
 d7ed961b6ca6 Downloading 178.3MB
 cf67644788eb Downloading 5.243MB
 910494f7b113 Downloading 175.1MB
 d7ed961b6ca6 Downloading 179.3MB
 cf67644788eb Downloading 5.243MB
 910494f7b113 Downloading 176.2MB
 d7ed961b6ca6 Downloading 179.3MB
 cf67644788eb Downloading 6.291MB
 910494f7b113 Downloading 176.2MB
 d7ed961b6ca6 Downloading 179.3MB
 cf67644788eb Downloading 6.291MB
 910494f7b113 Downloading 176.2MB
 d7ed961b6ca6 Downloading 180.4MB
 cf67644788eb Downloading 7.34MB
 910494f7b113 Downloading 177.2MB
 d7ed961b6ca6 Downloading 180.4MB
 cf67644788eb Downloading 7.34MB
 910494f7b113 Downloading 177.2MB
 d7ed961b6ca6 Downloading 180.4MB
 cf67644788eb Downloading 8.389MB
 910494f7b113 Downloading 177.2MB
 d7ed961b6ca6 Downloading 180.4MB
 cf67644788eb Downloading 8.389MB
 910494f7b113 Downloading 178.3MB
 d7ed961b6ca6 Downloading 181.4MB
 cf67644788eb Downloading 9.437MB
 910494f7b113 Downloading 179.3MB
 d7ed961b6ca6 Downloading 181.4MB
 cf67644788eb Downloading 9.437MB
 910494f7b113 Downloading 179.3MB
 d7ed961b6ca6 Downloading 181.4MB
 cf67644788eb Downloading 10.49MB
 910494f7b113 Downloading 180.4MB
 d7ed961b6ca6 Downloading 181.4MB
 cf67644788eb Downloading 10.49MB
 d7ed961b6ca6 Downloading 182.5MB
 910494f7b113 Downloading 180.4MB
 cf67644788eb Downloading 10.49MB
 910494f7b113 Downloading 181.4MB
 d7ed961b6ca6 Downloading 182.5MB
 cf67644788eb Downloading 10.49MB
 910494f7b113 Downloading 181.4MB
 d7ed961b6ca6 Downloading 182.5MB
 cf67644788eb Downloading 11.53MB
 910494f7b113 Downloading 182.5MB
 d7ed961b6ca6 Downloading 182.5MB
 cf67644788eb Downloading 11.53MB
 910494f7b113 Downloading 183.5MB
 d7ed961b6ca6 Downloading 183.5MB
 cf67644788eb Downloading 12.58MB
 910494f7b113 Downloading 183.5MB
 d7ed961b6ca6 Downloading 183.5MB
 cf67644788eb Downloading 12.58MB
 910494f7b113 Downloading 183.5MB
 d7ed961b6ca6 Downloading 183.5MB
 cf67644788eb Downloading 12.58MB
 910494f7b113 Downloading 184.5MB
 d7ed961b6ca6 Downloading 184.5MB
 cf67644788eb Downloading 13.63MB
 910494f7b113 Downloading 184.5MB
 d7ed961b6ca6 Downloading 184.5MB
 cf67644788eb Downloading 13.63MB
 910494f7b113 Downloading 184.5MB
 d7ed961b6ca6 Downloading 185.6MB
 cf67644788eb Downloading 14.68MB
 910494f7b113 Downloading 184.5MB
 d7ed961b6ca6 Downloading 185.6MB
 cf67644788eb Downloading 14.68MB
 910494f7b113 Downloading 185.6MB
 d7ed961b6ca6 Downloading 186.6MB
 cf67644788eb Downloading 14.68MB
 910494f7b113 Downloading 185.6MB
 d7ed961b6ca6 Downloading 187.7MB
 cf67644788eb Downloading 15.73MB
 910494f7b113 Downloading 186.6MB
 d7ed961b6ca6 Downloading 187.7MB
 cf67644788eb Downloading 15.73MB
 910494f7b113 Downloading 186.6MB
 d7ed961b6ca6 Downloading 187.7MB
 cf67644788eb Downloading 15.73MB
 910494f7b113 Downloading 186.6MB
 d7ed961b6ca6 Downloading 188.7MB
 cf67644788eb Downloading 15.73MB
 910494f7b113 Downloading 187.7MB
 d7ed961b6ca6 Downloading 188.7MB
 cf67644788eb Downloading 16.78MB
 910494f7b113 Downloading 187.7MB
 d7ed961b6ca6 Downloading 189.8MB
 cf67644788eb Downloading 16.78MB
 d7ed961b6ca6 Downloading 189.8MB
 910494f7b113 Downloading 188.7MB
 cf67644788eb Downloading 16.78MB
 910494f7b113 Downloading 188.7MB
 d7ed961b6ca6 Downloading 190.8MB
 cf67644788eb Downloading 17.83MB
 910494f7b113 Downloading 189.8MB
 d7ed961b6ca6 Downloading 190.8MB
 cf67644788eb Downloading 17.83MB
 910494f7b113 Downloading 189.8MB
 d7ed961b6ca6 Downloading 190.8MB
 cf67644788eb Downloading 17.83MB
 910494f7b113 Downloading 190.8MB
 d7ed961b6ca6 Downloading 191.9MB
 cf67644788eb Downloading 18.87MB
 910494f7b113 Downloading 190.8MB
 d7ed961b6ca6 Downloading 191.9MB
 cf67644788eb Downloading 18.87MB
 d7ed961b6ca6 Downloading 192.9MB
 910494f7b113 Downloading 191.9MB
 cf67644788eb Downloading 18.87MB
 910494f7b113 Downloading 191.9MB
 d7ed961b6ca6 Downloading 192.9MB
 cf67644788eb Downloading 19.92MB
 910494f7b113 Downloading 191.9MB
 d7ed961b6ca6 Downloading 194MB
 cf67644788eb Downloading 19.92MB
 910494f7b113 Downloading 192.9MB
 d7ed961b6ca6 Downloading 194MB
 cf67644788eb Downloading 19.92MB
 910494f7b113 Downloading 194MB
 d7ed961b6ca6 Downloading 194MB
 cf67644788eb Downloading 20.97MB
 910494f7b113 Downloading 194MB
 d7ed961b6ca6 Downloading 195MB
 cf67644788eb Downloading 20.97MB
 910494f7b113 Downloading 194MB
 d7ed961b6ca6 Downloading 195MB
 cf67644788eb Downloading 20.97MB
 910494f7b113 Downloading 195MB
 d7ed961b6ca6 Downloading 196.1MB
 cf67644788eb Downloading 22.02MB
 910494f7b113 Downloading 195MB
 d7ed961b6ca6 Downloading 196.1MB
 cf67644788eb Downloading 22.02MB
 910494f7b113 Downloading 196.1MB
 d7ed961b6ca6 Downloading 196.1MB
 cf67644788eb Downloading 22.02MB
 910494f7b113 Downloading 196.1MB
 d7ed961b6ca6 Downloading 197.1MB
 cf67644788eb Downloading 22.02MB
 910494f7b113 Downloading 197.1MB
 d7ed961b6ca6 Downloading 197.1MB
 cf67644788eb Downloading 23.07MB
 910494f7b113 Downloading 197.1MB
 d7ed961b6ca6 Downloading 197.1MB
 cf67644788eb Downloading 23.07MB
 d7ed961b6ca6 Downloading 198.2MB
 910494f7b113 Downloading 198.2MB
 cf67644788eb Downloading 23.07MB
 910494f7b113 Downloading 198.2MB
 d7ed961b6ca6 Downloading 198.2MB
 cf67644788eb Downloading 24.12MB
 910494f7b113 Downloading 199.2MB
 d7ed961b6ca6 Downloading 199.2MB
 cf67644788eb Downloading 24.12MB
 910494f7b113 Downloading 199.2MB
 d7ed961b6ca6 Downloading 199.2MB
 cf67644788eb Downloading 25.17MB
 910494f7b113 Downloading 200.3MB
 d7ed961b6ca6 Downloading 200.3MB
 cf67644788eb Downloading 25.17MB
 910494f7b113 Downloading 200.3MB
 d7ed961b6ca6 Downloading 200.3MB
 cf67644788eb Downloading 25.17MB
 910494f7b113 Downloading 200.3MB
 d7ed961b6ca6 Downloading 200.3MB
 cf67644788eb Downloading 25.17MB
 910494f7b113 Downloading 201.3MB
 d7ed961b6ca6 Downloading 201.3MB
 cf67644788eb Downloading 26.21MB
 910494f7b113 Downloading 201.3MB
 d7ed961b6ca6 Downloading 201.3MB
 cf67644788eb Downloading 26.21MB
 910494f7b113 Downloading 202.4MB
 d7ed961b6ca6 Downloading 201.3MB
 cf67644788eb Downloading 26.21MB
 910494f7b113 Downloading 202.4MB
 d7ed961b6ca6 Downloading 202.4MB
 cf67644788eb Downloading 27.26MB
 910494f7b113 Downloading 203.4MB
 d7ed961b6ca6 Downloading 202.4MB
 cf67644788eb Downloading 28.31MB
 910494f7b113 Downloading 203.4MB
 d7ed961b6ca6 Downloading 203.4MB
 cf67644788eb Downloading 28.31MB
 d7ed961b6ca6 Downloading 203.4MB
 910494f7b113 Downloading 204.5MB
 cf67644788eb Downloading 28.31MB
 910494f7b113 Downloading 204.5MB
 d7ed961b6ca6 Downloading 204.5MB
 cf67644788eb Downloading 28.31MB
 910494f7b113 Downloading 205.5MB
 d7ed961b6ca6 Downloading 204.5MB
 cf67644788eb Downloading 28.31MB
 910494f7b113 Downloading 205.5MB
 d7ed961b6ca6 Downloading 205.5MB
 cf67644788eb Downloading 29.36MB
 910494f7b113 Downloading 205.5MB
 d7ed961b6ca6 Downloading 205.5MB
 cf67644788eb Downloading 30.41MB
 d7ed961b6ca6 Downloading 205.5MB
 910494f7b113 Downloading 206.6MB
 cf67644788eb Downloading 30.41MB
 910494f7b113 Downloading 206.6MB
 d7ed961b6ca6 Downloading 205.5MB
 cf67644788eb Downloading 30.41MB
 910494f7b113 Downloading 206.6MB
 d7ed961b6ca6 Downloading 206.6MB
 cf67644788eb Downloading 30.41MB
 910494f7b113 Downloading 207.8MB
 d7ed961b6ca6 Downloading 206.6MB
 cf67644788eb Downloading 32.51MB
 910494f7b113 Download complete 0B
 d7ed961b6ca6 Downloading 207.6MB
 cf67644788eb Downloading 33.55MB
 d7ed961b6ca6 Downloading 207.6MB
 cf67644788eb Downloading 33.55MB
 d7ed961b6ca6 Downloading 207.6MB
 cf67644788eb Downloading 34.6MB
 d7ed961b6ca6 Downloading 208.7MB
 cf67644788eb Downloading 35.65MB
 d7ed961b6ca6 Downloading 208.7MB
 cf67644788eb Downloading 35.65MB
 d7ed961b6ca6 Downloading 209.7MB
 cf67644788eb Downloading 36.7MB
 d7ed961b6ca6 Downloading 210.8MB
 cf67644788eb Downloading 36.7MB
 d7ed961b6ca6 Downloading 210.8MB
 cf67644788eb Downloading 37.75MB
 d7ed961b6ca6 Downloading 210.8MB
 cf67644788eb Downloading 37.75MB
 d7ed961b6ca6 Downloading 210.8MB
 cf67644788eb Downloading 37.75MB
 d7ed961b6ca6 Downloading 211.8MB
 cf67644788eb Downloading 38.8MB
 df0d0d229f33 Downloading 1.049MB
 d7ed961b6ca6 Downloading 211.8MB
 cf67644788eb Downloading 38.8MB
 df0d0d229f33 Downloading 2.097MB
 d7ed961b6ca6 Downloading 211.8MB
 df0d0d229f33 Downloading 2.097MB
 cf67644788eb Downloading 39.85MB
 d7ed961b6ca6 Downloading 212.9MB
 cf67644788eb Downloading 39.85MB
 df0d0d229f33 Downloading 2.097MB
 d7ed961b6ca6 Downloading 212.9MB
 cf67644788eb Download complete 0B
 df0d0d229f33 Downloading 3.146MB
 d7ed961b6ca6 Downloading 213.9MB
 cf67644788eb Extracting 1B
 df0d0d229f33 Downloading 4.194MB
 cf67644788eb Extracting 1B
 d7ed961b6ca6 Downloading 215MB
 df0d0d229f33 Downloading 4.194MB
 d7ed961b6ca6 Downloading 215MB
 cf67644788eb Extracting 1B
 df0d0d229f33 Downloading 4.194MB
 d7ab9c0b242a Download complete 0B
 d7ed961b6ca6 Downloading 216MB
 cf67644788eb Pull complete 0B
 df0d0d229f33 Downloading 5.243MB
 d7ed961b6ca6 Downloading 216MB
 df0d0d229f33 Downloading 5.243MB
 d7ed961b6ca6 Downloading 216MB
 68a66c893f7c Download complete 0B
 df0d0d229f33 Downloading 5.243MB
 d7ed961b6ca6 Downloading 217.1MB
 df0d0d229f33 Downloading 6.291MB
 d7ed961b6ca6 Downloading 217.1MB
 df0d0d229f33 Downloading 6.291MB
 d7ed961b6ca6 Downloading 218.1MB
 df0d0d229f33 Downloading 7.34MB
 d7ed961b6ca6 Downloading 218.1MB
 df0d0d229f33 Downloading 7.34MB
 d7ed961b6ca6 Downloading 219.2MB
 df0d0d229f33 Downloading 7.34MB
 d7ed961b6ca6 Downloading 220.2MB
 df0d0d229f33 Downloading 8.389MB
 d7ed961b6ca6 Downloading 220.2MB
 df0d0d229f33 Downloading 8.389MB
 d7ed961b6ca6 Downloading 220.2MB
 df0d0d229f33 Downloading 8.389MB
 d7ed961b6ca6 Downloading 221.2MB
 df0d0d229f33 Downloading 9.437MB
 d7ed961b6ca6 Downloading 222.3MB
 df0d0d229f33 Downloading 9.437MB
 d7ed961b6ca6 Downloading 222.3MB
 df0d0d229f33 Downloading 10.49MB
 d7ed961b6ca6 Downloading 222.3MB
 df0d0d229f33 Downloading 10.49MB
 d7ed961b6ca6 Downloading 223.3MB
 df0d0d229f33 Download complete 0B
 d7ed961b6ca6 Downloading 223.3MB
 df0d0d229f33 Extracting 1B
 39c8ce9a80d2 Pull complete 0B
 62481e699c81 Pull complete 0B
 d7ab9c0b242a Pull complete 0B
 d7ed961b6ca6 Downloading 223.3MB
 68a66c893f7c Pull complete 0B
 df0d0d229f33 Pull complete 0B
 Image quay.io/minio/minio:RELEASE.2025-04-22T22-12-26Z Pulled 
 d7ed961b6ca6 Downloading 223.3MB
 d7ed961b6ca6 Downloading 223.3MB
 d7ed961b6ca6 Downloading 224.4MB
 d7ed961b6ca6 Downloading 224.4MB
 d7ed961b6ca6 Downloading 224.4MB
 d7ed961b6ca6 Downloading 224.4MB
 d7ed961b6ca6 Downloading 224.4MB
 d7ed961b6ca6 Downloading 224.4MB
 d7ed961b6ca6 Downloading 225.4MB
 d7ed961b6ca6 Downloading 225.4MB
 d7ed961b6ca6 Downloading 226.5MB
 d7ed961b6ca6 Downloading 226.5MB
 d7ed961b6ca6 Downloading 227.5MB
 d7ed961b6ca6 Downloading 228.6MB
 d7ed961b6ca6 Downloading 228.6MB
 d7ed961b6ca6 Downloading 229.6MB
 d7ed961b6ca6 Downloading 229.6MB
 d7ed961b6ca6 Downloading 230.7MB
 d7ed961b6ca6 Downloading 231.7MB
 d7ed961b6ca6 Downloading 232.8MB
 d7ed961b6ca6 Downloading 232.8MB
 d7ed961b6ca6 Downloading 232.8MB
 d7ed961b6ca6 Downloading 233.8MB
 d7ed961b6ca6 Downloading 234.9MB
 d7ed961b6ca6 Downloading 234.9MB
 d7ed961b6ca6 Downloading 235.9MB
 d7ed961b6ca6 Downloading 237MB
 d7ed961b6ca6 Downloading 237MB
 d7ed961b6ca6 Downloading 239.1MB
 d7ed961b6ca6 Downloading 239.1MB
 d7ed961b6ca6 Downloading 239.1MB
 d7ed961b6ca6 Downloading 241.2MB
 d7ed961b6ca6 Downloading 241.2MB
 d7ed961b6ca6 Downloading 241.2MB
 d7ed961b6ca6 Downloading 242.2MB
 d7ed961b6ca6 Downloading 243.3MB
 d7ed961b6ca6 Downloading 243.3MB
 d7ed961b6ca6 Downloading 245.4MB
 d7ed961b6ca6 Downloading 245.4MB
 d7ed961b6ca6 Downloading 247.5MB
 d7ed961b6ca6 Downloading 247.5MB
 d7ed961b6ca6 Downloading 247.5MB
 d7ed961b6ca6 Downloading 249.6MB
 d7ed961b6ca6 Downloading 249.6MB
 d7ed961b6ca6 Downloading 250.6MB
 d7ed961b6ca6 Downloading 251.7MB
 d7ed961b6ca6 Downloading 251.7MB
 d7ed961b6ca6 Downloading 252.7MB
 d7ed961b6ca6 Downloading 253.8MB
 d7ed961b6ca6 Downloading 253.8MB
 d7ed961b6ca6 Downloading 254.8MB
 d7ed961b6ca6 Downloading 255.9MB
 d7ed961b6ca6 Downloading 255.9MB
 d7ed961b6ca6 Downloading 255.9MB
 d7ed961b6ca6 Downloading 255.9MB
 d7ed961b6ca6 Downloading 257.9MB
 d7ed961b6ca6 Downloading 257.9MB
 d7ed961b6ca6 Downloading 259MB
 d7ed961b6ca6 Downloading 260MB
 d7ed961b6ca6 Downloading 260MB
 d7ed961b6ca6 Downloading 261.1MB
 d7ed961b6ca6 Downloading 262.1MB
 d7ed961b6ca6 Downloading 262.1MB
 d7ed961b6ca6 Downloading 263.2MB
 d7ed961b6ca6 Downloading 264.2MB
 d7ed961b6ca6 Downloading 264.2MB
 d7ed961b6ca6 Downloading 266.3MB
 d7ed961b6ca6 Downloading 266.3MB
 d7ed961b6ca6 Downloading 266.3MB
 d7ed961b6ca6 Downloading 267.4MB
 d7ed961b6ca6 Downloading 268.4MB
 d7ed961b6ca6 Downloading 269.5MB
 d7ed961b6ca6 Downloading 270.5MB
 d7ed961b6ca6 Downloading 270.5MB
 d7ed961b6ca6 Downloading 272.6MB
 d7ed961b6ca6 Downloading 272.6MB
 d7ed961b6ca6 Downloading 273.7MB
 d7ed961b6ca6 Downloading 274.7MB
 d7ed961b6ca6 Downloading 274.7MB
 d7ed961b6ca6 Downloading 275.8MB
 d7ed961b6ca6 Downloading 276.8MB
 d7ed961b6ca6 Downloading 276.8MB
 d7ed961b6ca6 Downloading 277.9MB
 d7ed961b6ca6 Downloading 278.9MB
 d7ed961b6ca6 Downloading 280MB
 d7ed961b6ca6 Downloading 281MB
 d7ed961b6ca6 Downloading 282.1MB
 d7ed961b6ca6 Downloading 283.1MB
 d7ed961b6ca6 Downloading 283.1MB
 d7ed961b6ca6 Downloading 284.2MB
 d7ed961b6ca6 Downloading 285.2MB
 d7ed961b6ca6 Downloading 285.2MB
 d7ed961b6ca6 Downloading 287.3MB
 d7ed961b6ca6 Downloading 287.3MB
 d7ed961b6ca6 Downloading 289.4MB
 d7ed961b6ca6 Downloading 289.4MB
 d7ed961b6ca6 Downloading 289.4MB
 d7ed961b6ca6 Downloading 291.5MB
 d7ed961b6ca6 Downloading 291.5MB
 d7ed961b6ca6 Downloading 291.5MB
 d7ed961b6ca6 Downloading 292.6MB
 d7ed961b6ca6 Downloading 293.6MB
 d7ed961b6ca6 Downloading 293.6MB
 d7ed961b6ca6 Downloading 295.7MB
 d7ed961b6ca6 Downloading 295.7MB
 d7ed961b6ca6 Downloading 296.7MB
 d7ed961b6ca6 Downloading 297.8MB
 d7ed961b6ca6 Downloading 297.8MB
 d7ed961b6ca6 Downloading 299.9MB
 d7ed961b6ca6 Downloading 299.9MB
 d7ed961b6ca6 Downloading 299.9MB
 d7ed961b6ca6 Downloading 300.9MB
 d7ed961b6ca6 Downloading 302MB
 d7ed961b6ca6 Downloading 302.1MB
 d7ed961b6ca6 Downloading 302.1MB
 d7ed961b6ca6 Downloading 302.1MB
 d7ed961b6ca6 Download complete 0B
 d7ed961b6ca6 Extracting 1B
 d7ed961b6ca6 Extracting 1B
 d7ed961b6ca6 Extracting 1B
 d7ed961b6ca6 Extracting 1B
 d7ed961b6ca6 Extracting 1B
 d7ed961b6ca6 Extracting 1B
 d7ed961b6ca6 Extracting 1B
 d7ed961b6ca6 Extracting 1B
 d7ed961b6ca6 Extracting 1B
 d7ed961b6ca6 Extracting 1B
 d7ed961b6ca6 Extracting 2B
 d7ed961b6ca6 Extracting 2B
 d7ed961b6ca6 Extracting 2B
 d7ed961b6ca6 Extracting 2B
 d7ed961b6ca6 Extracting 2B
 d7ed961b6ca6 Extracting 2B
 d7ed961b6ca6 Extracting 2B
 d7ed961b6ca6 Extracting 2B
 d7ed961b6ca6 Extracting 2B
 d7ed961b6ca6 Extracting 2B
 d7ed961b6ca6 Extracting 2B
 d7ed961b6ca6 Extracting 3B
 d7ed961b6ca6 Extracting 3B
 d7ed961b6ca6 Extracting 3B
 d7ed961b6ca6 Extracting 3B
 d7ed961b6ca6 Extracting 3B
 d7ed961b6ca6 Extracting 3B
 d7ed961b6ca6 Extracting 3B
 d7ed961b6ca6 Extracting 3B
 d7ed961b6ca6 Extracting 3B
 d7ed961b6ca6 Extracting 3B
 d7ed961b6ca6 Extracting 4B
 d7ed961b6ca6 Extracting 4B
 d7ed961b6ca6 Extracting 4B
 d7ed961b6ca6 Extracting 4B
 d7ed961b6ca6 Extracting 4B
 d7ed961b6ca6 Extracting 4B
 28fab87ad22f Pull complete 0B
 17332814c108 Pull complete 0B
 c66525d3e010 Pull complete 0B
 74c92fb916ba Extracting 1B
 d7ed961b6ca6 Pull complete 0B
 74c92fb916ba Extracting 1B
 74c92fb916ba Extracting 1B
 fe7a9fa9d010 Pull complete 0B
 74c92fb916ba Pull complete 0B
 74ac07bb75bc Pull complete 0B
 304b853842aa Pull complete 0B
 af3bbcf69640 Pull complete 0B
 7215b54aa88d Pull complete 0B
 ce9336367aeb Pull complete 0B
 cec150226844 Pull complete 0B
 8d69308ec92d Extracting 1B
 4f4fb700ef54 Pull complete 0B
 a2701cbb5c58 Pull complete 0B
 548eb6b6d138 Pull complete 0B
 5dae78b7b79a Pull complete 0B
 8d69308ec92d Pull complete 0B
 b764ca44bec3 Pull complete 0B
 a94e84f8442f Pull complete 0B
 a35a48b1065e Pull complete 0B
 a025e5f9af3f Pull complete 0B
 910494f7b113 Extracting 1B
 910494f7b113 Extracting 1B
 910494f7b113 Extracting 1B
 910494f7b113 Extracting 1B
 910494f7b113 Extracting 1B
 910494f7b113 Extracting 1B
 910494f7b113 Pull complete 0B
 Image quay.io/debezium/connect:3.2.4.Final Pulled 
 Image p1-reliability-lab/flink:1.20.4-java11 Building 
 Image p1-reliability-lab/flink:1.20.4-java11 Building 
#1 [internal] load local bake definitions
#1 reading from stdin 1.27kB done
#1 DONE 0.0s

#2 [jobmanager internal] load build definition from Dockerfile
#2 transferring dockerfile: 399B done
#2 DONE 0.0s

#3 [jobmanager internal] load metadata for docker.io/library/flink:1.20.4-scala_2.12-java11
#3 DONE 0.0s

#4 [taskmanager internal] load .dockerignore
#4 transferring context: 2B done
#4 DONE 0.0s

#5 [jobmanager 1/3] FROM docker.io/library/flink:1.20.4-scala_2.12-java11@sha256:a5923737141a85f28cf94313abe400804ceb560baa937f636f4b02b27f83d51d
#5 resolve docker.io/library/flink:1.20.4-scala_2.12-java11@sha256:a5923737141a85f28cf94313abe400804ceb560baa937f636f4b02b27f83d51d done
#5 ...

#6 [jobmanager internal] load build context
#6 transferring context: 799B done
#6 DONE 0.0s

#5 [taskmanager 1/3] FROM docker.io/library/flink:1.20.4-scala_2.12-java11@sha256:a5923737141a85f28cf94313abe400804ceb560baa937f636f4b02b27f83d51d
#5 DONE 0.1s

#7 [taskmanager 2/3] COPY conf/flink-conf.yaml /opt/flink/conf/flink-conf.yaml
#7 DONE 10.9s

#8 [jobmanager 3/3] RUN mkdir -p /opt/flink/checkpoints /opt/flink/savepoints     && chown -R flink:flink /opt/flink/checkpoints /opt/flink/savepoints
#8 DONE 0.2s

#9 [taskmanager] exporting to image
#9 exporting layers 0.1s done
#9 exporting manifest sha256:28aed1529c2807199ac80009b219218ce95c0742bc2998f5ccc828b959095ec9 0.0s done
#9 exporting config sha256:a33271be23c55a4400427cc8b3ba9b2b6212f1be8811f793942b379fccb0e8b8 0.0s done
#9 exporting attestation manifest sha256:29e54ae06f4c189e63217b954307fb8c533f6a4a1ebf4658416d16ad765febd2 0.0s done
#9 exporting manifest list sha256:58d6b493b829acd28d8e1e089304159d75890947517060b8abf600da9e69c0f1 done
#9 naming to docker.io/p1-reliability-lab/flink:1.20.4-java11 done
#9 unpacking to docker.io/p1-reliability-lab/flink:1.20.4-java11 0.0s done
#9 DONE 0.2s

#10 [jobmanager] exporting to image
#10 exporting layers 0.1s done
#10 exporting manifest sha256:6128aa2460de39a1253265ac6de54b8d5c1867d2a1d4912b6b4fa7daa1efb69e 0.0s done
#10 exporting config sha256:42079d56f580d283c725f60545e63fac8826349eeeae09d1a37458d619b5bdb1 0.0s done
#10 exporting attestation manifest sha256:2e5eced044feba30c07c50a89096362b7e4c68e58c05003974b0ba58cb41474d 0.0s done
#10 exporting manifest list sha256:91919e8ab62da755fac5c3cbe4e914bf39cec387cbe859be851877975fff35e7 done
#10 naming to docker.io/p1-reliability-lab/flink:1.20.4-java11 done
#10 unpacking to docker.io/p1-reliability-lab/flink:1.20.4-java11 0.0s done
#10 DONE 0.2s

#11 [jobmanager] resolving provenance for metadata file
#11 DONE 0.0s

#12 [taskmanager] resolving provenance for metadata file
#12 DONE 0.0s
 Image p1-reliability-lab/flink:1.20.4-java11 Built 
 Image p1-reliability-lab/flink:1.20.4-java11 Built 
 Volume p1_reliability_lab_flink_checkpoints Creating 
 Volume p1_reliability_lab_kafka_data Creating 
 Volume p1_reliability_lab_minio_data Creating 
 Volume p1_reliability_lab_flink_checkpoints Creating 
 Volume p1_reliability_lab_kafka_data Creating 
 Volume p1_reliability_lab_minio_data Creating 
 Volume p1_reliability_lab_mysql_data Creating 
 Volume p1_reliability_lab_mysql_data Creating 
 Volume p1_reliability_lab_flink_savepoints Creating 
 Volume p1_reliability_lab_flink_savepoints Creating 
 Network p1_reliability_lab_default Creating 
 Network p1_reliability_lab_default Creating 
 Volume p1_reliability_lab_flink_checkpoints Created 
 Volume p1_reliability_lab_flink_checkpoints Created 
 Volume p1_reliability_lab_kafka_data Created 
 Volume p1_reliability_lab_kafka_data Created 
 Volume p1_reliability_lab_minio_data Created 
 Volume p1_reliability_lab_minio_data Created 
 Volume p1_reliability_lab_mysql_data Created 
 Volume p1_reliability_lab_mysql_data Created 
 Volume p1_reliability_lab_flink_savepoints Created 
 Volume p1_reliability_lab_flink_savepoints Created 
 Network p1_reliability_lab_default Created 
 Network p1_reliability_lab_default Created 
 Container p1_reliability_lab-kafka-1 Creating 
 Container p1_reliability_lab-minio-1 Creating 
 Container p1_reliability_lab-mysql-1 Creating 
 Container p1_reliability_lab-mysql-1 Created 
 Container p1_reliability_lab-minio-1 Created 
 Container p1_reliability_lab-jobmanager-1 Creating 
 Container p1_reliability_lab-minio-init-1 Creating 
 Container p1_reliability_lab-kafka-1 Created 
 Container p1_reliability_lab-schema-registry-1 Creating 
 Container p1_reliability_lab-debezium-1 Creating 
 Container p1_reliability_lab-minio-init-1 Created 
 Container p1_reliability_lab-jobmanager-1 Created 
 Container p1_reliability_lab-taskmanager-1 Creating 
 Container p1_reliability_lab-schema-registry-1 Created 
 Container p1_reliability_lab-debezium-1 Created 
 Container p1_reliability_lab-taskmanager-1 Created 
 Container p1_reliability_lab-kafka-1 Starting 
 Container p1_reliability_lab-minio-1 Starting 
 Container p1_reliability_lab-mysql-1 Starting 
 Container p1_reliability_lab-kafka-1 Started 
 Container p1_reliability_lab-kafka-1 Waiting 
 Container p1_reliability_lab-minio-1 Started 
 Container p1_reliability_lab-minio-1 Waiting 
 Container p1_reliability_lab-mysql-1 Started 
 Container p1_reliability_lab-mysql-1 Waiting 
 Container p1_reliability_lab-minio-1 Waiting 
 Container p1_reliability_lab-kafka-1 Waiting 
 Container p1_reliability_lab-mysql-1 Waiting 
 Container p1_reliability_lab-minio-1 Healthy 
 Container p1_reliability_lab-minio-init-1 Starting 
 Container p1_reliability_lab-minio-1 Healthy 
 Container p1_reliability_lab-minio-init-1 Started 
 Container p1_reliability_lab-kafka-1 Healthy 
 Container p1_reliability_lab-schema-registry-1 Starting 
 Container p1_reliability_lab-kafka-1 Healthy 
 Container p1_reliability_lab-schema-registry-1 Started 
 Container p1_reliability_lab-mysql-1 Healthy 
 Container p1_reliability_lab-mysql-1 Healthy 
 Container p1_reliability_lab-jobmanager-1 Starting 
 Container p1_reliability_lab-debezium-1 Starting 
 Container p1_reliability_lab-debezium-1 Started 
 Container p1_reliability_lab-jobmanager-1 Started 
 Container p1_reliability_lab-jobmanager-1 Waiting 
 Container p1_reliability_lab-jobmanager-1 Healthy 
 Container p1_reliability_lab-taskmanager-1 Starting 
 Container p1_reliability_lab-taskmanager-1 Started 
 Container p1_reliability_lab-jobmanager-1 Waiting 
 Container p1_reliability_lab-minio-init-1 Waiting 
 Container p1_reliability_lab-mysql-1 Waiting 
 Container p1_reliability_lab-debezium-1 Waiting 
 Container p1_reliability_lab-taskmanager-1 Waiting 
 Container p1_reliability_lab-minio-1 Waiting 
 Container p1_reliability_lab-schema-registry-1 Waiting 
 Container p1_reliability_lab-kafka-1 Waiting 
 Container p1_reliability_lab-mysql-1 Healthy 
 Container p1_reliability_lab-debezium-1 Healthy 
 Container p1_reliability_lab-minio-1 Healthy 
 Container p1_reliability_lab-jobmanager-1 Healthy 
container p1_reliability_lab-minio-init-1 exited (0)
make: *** [Makefile:49: broker-up] Error 1
remote target finished: target=broker-up exit_code=2 utc=2026-08-20T10:10:30Z
