shared-host guard: nvidia-smi unavailable; dedicated CPU-only VM, GPU check skipped
shared-host guard: load_average=0.00,0.07,0.23 logical_cpus=8
shared-host guard: PASS
remote target started: target=broker-up utc=2026-08-20T15:02:20Z
remote target provenance: git_sha=c82e30df7a38 resource_profile=small
remote broker-up: removing the remote lab containers and volumes for a fresh Avro topic
docker compose --env-file .env.example -f infra/docker-compose.yml --profile core --profile olap --profile broker down -v
P1_REPO_ROOT=/root/autodl-tmp/exactly-once-drills P1_PREFLIGHT_PROFILE=broker /usr/local/bin/python3.11 scripts/preflight-heavy.py
disk preflight: 55.3 GiB free at /root/autodl-tmp/exactly-once-drills (minimum 25 GiB for heavy Docker reproduction)
broker memory preflight: 30.4 GiB total, 29.5 GiB available (minimum 16 GiB total / 8 GiB available)
broker selection: Apache Kafka KRaft remains within the measured memory gate
docker preflight: daemon responsive (server 29.7.2)
mvn -q -Dmaven.repo.local=/root/autodl-tmp/exactly-once-drills/.m2/repository -f infra/debezium/avro-converter-pom.xml \
	clean dependency:copy-dependencies -DincludeScope=runtime \
	-DoutputDirectory=/root/autodl-tmp/exactly-once-drills/infra/debezium/target/avro-plugin
mvn -q -Dmaven.repo.local=/root/autodl-tmp/exactly-once-drills/.m2/repository \
	org.apache.maven.plugins:maven-dependency-plugin:3.8.1:copy \
	-Dartifact=io.prometheus.jmx:jmx_prometheus_javaagent:0.20.0 \
	-DoutputDirectory=/root/autodl-tmp/exactly-once-drills/infra/debezium/target/jmx-exporter
RESOURCE_PROFILE=small docker compose --env-file .env.example -f infra/docker-compose.yml --profile broker up -d --build --wait --wait-timeout 240 mysql minio kafka schema-registry debezium jobmanager taskmanager
 Image p1-reliability-lab/flink:1.20.4-java11 Building 
 Image p1-reliability-lab/debezium-connect-avro:3.2.4.Final-confluent-7.9.8-jmx-0.20.0 Building 
 Image p1-reliability-lab/flink:1.20.4-java11 Building 
#1 [internal] load local bake definitions
#1 reading from stdin 1.82kB done
#1 DONE 0.0s

#2 [debezium internal] load build definition from Dockerfile
#2 transferring dockerfile: 611B done
#2 DONE 0.0s

#3 [taskmanager internal] load build definition from Dockerfile
#3 transferring dockerfile: 399B done
#3 DONE 0.0s

#4 [taskmanager internal] load metadata for docker.io/library/flink:1.20.4-scala_2.12-java11
#4 DONE 0.0s

#5 [debezium internal] load metadata for quay.io/debezium/connect:3.2.4.Final
#5 DONE 0.0s

#6 [jobmanager internal] load .dockerignore
#6 transferring context: 2B done
#6 DONE 0.0s

#7 [debezium internal] load .dockerignore
#7 transferring context: 2B done
#7 DONE 0.0s

#8 [taskmanager 1/3] FROM docker.io/library/flink:1.20.4-scala_2.12-java11@sha256:a5923737141a85f28cf94313abe400804ceb560baa937f636f4b02b27f83d51d
#8 resolve docker.io/library/flink:1.20.4-scala_2.12-java11@sha256:a5923737141a85f28cf94313abe400804ceb560baa937f636f4b02b27f83d51d 0.0s done
#8 DONE 0.0s

#9 [debezium internal] load build context
#9 transferring context: 579.77kB done
#9 DONE 0.0s

#10 [jobmanager internal] load build context
#10 transferring context: 66B done
#10 DONE 0.0s

#11 [debezium 1/4] FROM quay.io/debezium/connect:3.2.4.Final@sha256:7ebd6d90a01c8ea985ac38a1a7a0c29304ca192873048440316877e03fad2986
#11 resolve quay.io/debezium/connect:3.2.4.Final@sha256:7ebd6d90a01c8ea985ac38a1a7a0c29304ca192873048440316877e03fad2986 0.0s done
#11 DONE 0.0s

#12 [debezium 2/4] COPY target/avro-plugin/ /kafka/connect/confluent-avro/
#12 CACHED

#13 [jobmanager 2/3] COPY conf/flink-conf.yaml /opt/flink/conf/flink-conf.yaml
#13 CACHED

#14 [jobmanager 3/3] RUN mkdir -p /opt/flink/checkpoints /opt/flink/savepoints     && chown -R flink:flink /opt/flink/checkpoints /opt/flink/savepoints
#14 CACHED

#15 [debezium 3/4] COPY target/jmx-exporter/jmx_prometheus_javaagent-0.20.0.jar /opt/jmx-exporter/jmx_prometheus_javaagent-0.20.0.jar
#15 DONE 0.0s

#16 [taskmanager] exporting to image
#16 exporting layers done
#16 exporting manifest sha256:28aed1529c2807199ac80009b219218ce95c0742bc2998f5ccc828b959095ec9 done
#16 exporting config sha256:a33271be23c55a4400427cc8b3ba9b2b6212f1be8811f793942b379fccb0e8b8 done
#16 exporting attestation manifest sha256:c6c56e16d3a6b078286c35587d032dcc5ed1a8d49ad67d4ce1dda36b4bfb5899 0.0s done
#16 exporting manifest list sha256:d8133f7ea165d2893a9ecd697c64f3900b8a114af5639b321a079ac9a68c1a70 0.0s done
#16 naming to docker.io/p1-reliability-lab/flink:1.20.4-java11
#16 naming to docker.io/p1-reliability-lab/flink:1.20.4-java11 done
#16 unpacking to docker.io/p1-reliability-lab/flink:1.20.4-java11 done
#16 DONE 0.1s

#17 [debezium 4/4] COPY jmx-exporter.yml /opt/jmx-exporter/debezium.yml
#17 DONE 0.0s

#18 [jobmanager] exporting to image
#18 exporting layers done
#18 exporting manifest sha256:6128aa2460de39a1253265ac6de54b8d5c1867d2a1d4912b6b4fa7daa1efb69e done
#18 exporting config sha256:42079d56f580d283c725f60545e63fac8826349eeeae09d1a37458d619b5bdb1 done
#18 exporting attestation manifest sha256:bc025ea9eaf1d3a33cc951131fa463f2358c71ae3e511011601e96f5aef8f2f4 0.0s done
#18 exporting manifest list sha256:57819de7758e64b813351ed0c44a837b31fc9d4b2de6ae9917df879c434747a6 0.0s done
#18 naming to docker.io/p1-reliability-lab/flink:1.20.4-java11 done
#18 unpacking to docker.io/p1-reliability-lab/flink:1.20.4-java11 done
#18 DONE 0.1s

#19 [debezium] exporting to image
#19 exporting layers 0.1s done
#19 exporting manifest sha256:cccb2982cae975c0456838859c43ec23f60f026abd6dbf6ed70180e018966fb8 0.0s done
#19 exporting config sha256:c0dac4715f09b702176d4018ea109140da1ea817b005ed9f5a2095d417450bd7 0.0s done
#19 exporting attestation manifest sha256:a4ac84b4b8ca46f37297600c19343e105592d29ddd5b9e5581a79f2732f78229 0.0s done
#19 exporting manifest list sha256:2e261fc33f4f910bc02b5c0f25585a93464a594f3760d03feb01c9825bc0dc9c done
#19 naming to docker.io/p1-reliability-lab/debezium-connect-avro:3.2.4.Final-confluent-7.9.8-jmx-0.20.0 done
#19 unpacking to docker.io/p1-reliability-lab/debezium-connect-avro:3.2.4.Final-confluent-7.9.8-jmx-0.20.0 0.0s done
#19 DONE 0.2s

#20 [jobmanager] resolving provenance for metadata file
#20 DONE 0.0s

#21 [taskmanager] resolving provenance for metadata file
#21 DONE 0.0s

#22 [debezium] resolving provenance for metadata file
#22 DONE 0.0s
 Image p1-reliability-lab/flink:1.20.4-java11 Built 
 Image p1-reliability-lab/flink:1.20.4-java11 Built 
 Image p1-reliability-lab/debezium-connect-avro:3.2.4.Final-confluent-7.9.8-jmx-0.20.0 Built 
 Network p1_reliability_lab_default Creating 
 Volume p1_reliability_lab_kafka_data Creating 
 Volume p1_reliability_lab_kafka_data Creating 
 Volume p1_reliability_lab_flink_savepoints Creating 
 Network p1_reliability_lab_default Creating 
 Volume p1_reliability_lab_flink_savepoints Creating 
 Volume p1_reliability_lab_mysql_data Creating 
 Volume p1_reliability_lab_flink_checkpoints Creating 
 Volume p1_reliability_lab_mysql_data Creating 
 Volume p1_reliability_lab_flink_checkpoints Creating 
 Volume p1_reliability_lab_minio_data Creating 
 Volume p1_reliability_lab_minio_data Creating 
 Volume p1_reliability_lab_kafka_data Created 
 Volume p1_reliability_lab_kafka_data Created 
 Volume p1_reliability_lab_mysql_data Created 
 Volume p1_reliability_lab_mysql_data Created 
 Volume p1_reliability_lab_flink_savepoints Created 
 Volume p1_reliability_lab_flink_savepoints Created 
 Volume p1_reliability_lab_flink_checkpoints Created 
 Volume p1_reliability_lab_flink_checkpoints Created 
 Volume p1_reliability_lab_minio_data Created 
 Volume p1_reliability_lab_minio_data Created 
 Network p1_reliability_lab_default Created 
 Network p1_reliability_lab_default Created 
 Container p1_reliability_lab-kafka-1 Creating 
 Container p1_reliability_lab-mysql-1 Creating 
 Container p1_reliability_lab-minio-1 Creating 
 Container p1_reliability_lab-mysql-1 Created 
 Container p1_reliability_lab-kafka-1 Created 
 Container p1_reliability_lab-schema-registry-1 Creating 
 Container p1_reliability_lab-minio-1 Created 
 Container p1_reliability_lab-jobmanager-1 Creating 
 Container p1_reliability_lab-schema-registry-1 Created 
 Container p1_reliability_lab-debezium-1 Creating 
 Container p1_reliability_lab-jobmanager-1 Created 
 Container p1_reliability_lab-taskmanager-1 Creating 
 Container p1_reliability_lab-taskmanager-1 Created 
 Container p1_reliability_lab-debezium-1 Created 
 Container p1_reliability_lab-mysql-1 Starting 
 Container p1_reliability_lab-kafka-1 Starting 
 Container p1_reliability_lab-minio-1 Starting 
 Container p1_reliability_lab-minio-1 Started 
 Container p1_reliability_lab-mysql-1 Started 
 Container p1_reliability_lab-mysql-1 Waiting 
 Container p1_reliability_lab-minio-1 Waiting 
 Container p1_reliability_lab-kafka-1 Started 
 Container p1_reliability_lab-kafka-1 Waiting 
 Container p1_reliability_lab-minio-1 Healthy 
 Container p1_reliability_lab-kafka-1 Healthy 
 Container p1_reliability_lab-schema-registry-1 Starting 
 Container p1_reliability_lab-schema-registry-1 Started 
 Container p1_reliability_lab-kafka-1 Waiting 
 Container p1_reliability_lab-schema-registry-1 Waiting 
 Container p1_reliability_lab-mysql-1 Waiting 
 Container p1_reliability_lab-kafka-1 Healthy 
 Container p1_reliability_lab-mysql-1 Healthy 
 Container p1_reliability_lab-mysql-1 Healthy 
 Container p1_reliability_lab-jobmanager-1 Starting 
 Container p1_reliability_lab-jobmanager-1 Started 
 Container p1_reliability_lab-jobmanager-1 Waiting 
 Container p1_reliability_lab-schema-registry-1 Healthy 
 Container p1_reliability_lab-debezium-1 Starting 
 Container p1_reliability_lab-debezium-1 Started 
 Container p1_reliability_lab-jobmanager-1 Healthy 
 Container p1_reliability_lab-taskmanager-1 Starting 
 Container p1_reliability_lab-taskmanager-1 Started 
 Container p1_reliability_lab-debezium-1 Waiting 
 Container p1_reliability_lab-jobmanager-1 Waiting 
 Container p1_reliability_lab-schema-registry-1 Waiting 
 Container p1_reliability_lab-mysql-1 Waiting 
 Container p1_reliability_lab-kafka-1 Waiting 
 Container p1_reliability_lab-taskmanager-1 Waiting 
 Container p1_reliability_lab-minio-1 Waiting 
 Container p1_reliability_lab-kafka-1 Healthy 
 Container p1_reliability_lab-mysql-1 Healthy 
 Container p1_reliability_lab-schema-registry-1 Healthy 
 Container p1_reliability_lab-jobmanager-1 Healthy 
 Container p1_reliability_lab-minio-1 Healthy 
 Container p1_reliability_lab-taskmanager-1 Healthy 
 Container p1_reliability_lab-debezium-1 Healthy 
RESOURCE_PROFILE=small docker compose --env-file .env.example -f infra/docker-compose.yml --profile broker run --rm minio-init
 Container p1_reliability_lab-minio-1 Running 
 Container p1_reliability_lab-minio-1 Waiting 
 Container p1_reliability_lab-minio-1 Healthy 
 Container p1_reliability_lab-minio-init-run-c9c1ae8b7acf Creating 
 Container p1_reliability_lab-minio-init-run-c9c1ae8b7acf Created 
Added `local` successfully.
Bucket created successfully `local/warehouse`.
/usr/local/bin/python3.11 -m harness.broker_admin configure
{
  "debezium_connector": "p1-orders-connector",
  "debezium_state": {
    "connector": "RUNNING",
    "task_0": "RUNNING"
  },
  "kafka_dlq_topic": "broker.cdc_lab.orders.dlq",
  "kafka_ordering_probe_topic": "broker.cdc_lab.orders.ordering-probe",
  "kafka_topic": "broker.cdc_lab.orders",
  "partitions": 3,
  "schema_registry_compatibility": "BACKWARD",
  "serialization": "Confluent Avro with Schema Registry",
  "topic_key": "cdc_lab.orders.order_id"
}
remote target finished: target=broker-up exit_code=0 utc=2026-08-20T15:02:59Z
