shared-host guard: nvidia-smi unavailable; dedicated CPU-only VM, GPU check skipped
shared-host guard: load_average=0.01,0.13,0.24 logical_cpus=8
shared-host guard: PASS
remote target started: target=broker-up utc=2026-08-20T11:23:17Z
remote target provenance: git_sha=99269354ee78 resource_profile=small
remote broker-up: removing the remote lab containers and volumes for a fresh Avro topic
docker compose --env-file .env.example -f infra/docker-compose.yml --profile core --profile olap --profile broker down -v
P1_REPO_ROOT=/root/autodl-tmp/exactly-once-drills P1_PREFLIGHT_PROFILE=broker /usr/local/bin/python3.11 scripts/preflight-heavy.py
disk preflight: 55.6 GiB free at /root/autodl-tmp/exactly-once-drills (minimum 25 GiB for heavy Docker reproduction)
broker memory preflight: 30.4 GiB total, 29.5 GiB available (minimum 16 GiB total / 8 GiB available)
broker selection: Apache Kafka KRaft remains within the measured memory gate
docker preflight: daemon responsive (server 29.7.2)
mvn -q -Dmaven.repo.local=/root/autodl-tmp/exactly-once-drills/.m2/repository -f infra/debezium/avro-converter-pom.xml \
	clean dependency:copy-dependencies -DincludeScope=runtime \
	-DoutputDirectory=/root/autodl-tmp/exactly-once-drills/infra/debezium/target/avro-plugin
RESOURCE_PROFILE=small docker compose --env-file .env.example -f infra/docker-compose.yml --profile broker up -d --build --wait --wait-timeout 240 mysql minio kafka schema-registry debezium jobmanager taskmanager
 Image p1-reliability-lab/debezium-connect-avro:3.2.4.Final-confluent-7.9.8 Building 
 Image p1-reliability-lab/flink:1.20.4-java11 Building 
 Image p1-reliability-lab/flink:1.20.4-java11 Building 
#1 [internal] load local bake definitions
#1 reading from stdin 1.81kB done
#1 DONE 0.0s

#2 [taskmanager internal] load build definition from Dockerfile
#2 transferring dockerfile: 399B done
#2 DONE 0.0s

#3 [debezium internal] load build definition from Dockerfile
#3 transferring dockerfile: 300B done
#3 DONE 0.0s

#4 [taskmanager internal] load metadata for docker.io/library/flink:1.20.4-scala_2.12-java11
#4 DONE 0.0s

#5 [debezium internal] load metadata for quay.io/debezium/connect:3.2.4.Final
#5 DONE 0.0s

#6 [jobmanager internal] load .dockerignore
#6 transferring context: 2B done
#6 DONE 0.0s

#7 [jobmanager 1/3] FROM docker.io/library/flink:1.20.4-scala_2.12-java11@sha256:a5923737141a85f28cf94313abe400804ceb560baa937f636f4b02b27f83d51d
#7 resolve docker.io/library/flink:1.20.4-scala_2.12-java11@sha256:a5923737141a85f28cf94313abe400804ceb560baa937f636f4b02b27f83d51d done
#7 DONE 0.0s

#8 [debezium internal] load .dockerignore
#8 transferring context: 2B done
#8 DONE 0.0s

#9 [jobmanager internal] load build context
#9 transferring context: 66B done
#9 DONE 0.0s

#10 [jobmanager 2/3] COPY conf/flink-conf.yaml /opt/flink/conf/flink-conf.yaml
#10 CACHED

#11 [jobmanager 3/3] RUN mkdir -p /opt/flink/checkpoints /opt/flink/savepoints     && chown -R flink:flink /opt/flink/checkpoints /opt/flink/savepoints
#11 CACHED

#10 [taskmanager 2/3] COPY conf/flink-conf.yaml /opt/flink/conf/flink-conf.yaml
#10 CACHED

#12 [debezium internal] load build context
#12 transferring context: 29.12MB 0.1s done
#12 DONE 0.1s

#13 [jobmanager] exporting to image
#13 exporting layers done
#13 exporting manifest sha256:6128aa2460de39a1253265ac6de54b8d5c1867d2a1d4912b6b4fa7daa1efb69e done
#13 exporting config sha256:42079d56f580d283c725f60545e63fac8826349eeeae09d1a37458d619b5bdb1 done
#13 exporting attestation manifest sha256:6eec4c00abd5473fa4a3d4a1e92980689e55921d3ad1e7253babbb45c14d8b16 0.0s done
#13 exporting manifest list sha256:480dbc0664671e1caca6d5e736b34da30b736b8725f709ee0c501476b23ce65d 0.0s done
#13 naming to docker.io/p1-reliability-lab/flink:1.20.4-java11 done
#13 unpacking to docker.io/p1-reliability-lab/flink:1.20.4-java11 0.0s done
#13 DONE 0.1s

#14 [taskmanager] exporting to image
#14 exporting layers done
#14 exporting manifest sha256:28aed1529c2807199ac80009b219218ce95c0742bc2998f5ccc828b959095ec9 done
#14 exporting config sha256:a33271be23c55a4400427cc8b3ba9b2b6212f1be8811f793942b379fccb0e8b8 done
#14 exporting attestation manifest sha256:cf9c4cd3dff624a593877f5c8029938b53168edc19ed5a7fbcc10b5780223eb0 0.0s done
#14 exporting manifest list sha256:ecd1c1e8995f8881905ddb9aea383f32905ef104bb00a973d44729be4a1a0386 done
#14 naming to docker.io/p1-reliability-lab/flink:1.20.4-java11 done
#14 unpacking to docker.io/p1-reliability-lab/flink:1.20.4-java11 0.0s done
#14 DONE 0.1s

#15 [jobmanager] resolving provenance for metadata file
#15 DONE 0.0s

#16 [taskmanager] resolving provenance for metadata file
#16 DONE 0.0s

#17 [debezium 1/2] FROM quay.io/debezium/connect:3.2.4.Final@sha256:7ebd6d90a01c8ea985ac38a1a7a0c29304ca192873048440316877e03fad2986
#17 resolve quay.io/debezium/connect:3.2.4.Final@sha256:7ebd6d90a01c8ea985ac38a1a7a0c29304ca192873048440316877e03fad2986 0.0s done
#17 DONE 0.3s

#18 [debezium 2/2] COPY target/avro-plugin/ /kafka/connect/confluent-avro/
#18 DONE 0.1s

#19 [debezium] exporting to image
#19 exporting layers 0.6s done
#19 exporting manifest sha256:89c6f249a97d59eb6a224ea072e8fbbbbec9d16266f0bbd7cc59263e074a8c14 done
#19 exporting config sha256:76f863bc121aff7565b78bc6ad716561a38566c7d56610701e8b03927a906c9a done
#19 exporting attestation manifest sha256:c420ddee56bb82864eded8472f40e7a671db2d996befd60dc3476ad54f06d4d6 0.0s done
#19 exporting manifest list sha256:86b8bd1583e447ce61d348bf1f8230bd9c4c76e458960db3cc872298237b61ed done
#19 naming to docker.io/p1-reliability-lab/debezium-connect-avro:3.2.4.Final-confluent-7.9.8 done
#19 unpacking to docker.io/p1-reliability-lab/debezium-connect-avro:3.2.4.Final-confluent-7.9.8 0.1s done
#19 DONE 0.7s

#20 [debezium] resolving provenance for metadata file
#20 DONE 0.0s
 Image p1-reliability-lab/flink:1.20.4-java11 Built 
 Image p1-reliability-lab/flink:1.20.4-java11 Built 
 Image p1-reliability-lab/debezium-connect-avro:3.2.4.Final-confluent-7.9.8 Built 
 Volume p1_reliability_lab_flink_checkpoints Creating 
 Volume p1_reliability_lab_flink_savepoints Creating 
 Volume p1_reliability_lab_flink_checkpoints Creating 
 Volume p1_reliability_lab_flink_savepoints Creating 
 Network p1_reliability_lab_default Creating 
 Volume p1_reliability_lab_minio_data Creating 
 Volume p1_reliability_lab_kafka_data Creating 
 Volume p1_reliability_lab_minio_data Creating 
 Volume p1_reliability_lab_kafka_data Creating 
 Volume p1_reliability_lab_mysql_data Creating 
 Volume p1_reliability_lab_mysql_data Creating 
 Network p1_reliability_lab_default Creating 
 Volume p1_reliability_lab_flink_checkpoints Created 
 Volume p1_reliability_lab_flink_checkpoints Created 
 Volume p1_reliability_lab_minio_data Created 
 Volume p1_reliability_lab_minio_data Created 
 Volume p1_reliability_lab_mysql_data Created 
 Volume p1_reliability_lab_mysql_data Created 
 Volume p1_reliability_lab_kafka_data Created 
 Volume p1_reliability_lab_kafka_data Created 
 Volume p1_reliability_lab_flink_savepoints Created 
 Volume p1_reliability_lab_flink_savepoints Created 
 Network p1_reliability_lab_default Created 
 Network p1_reliability_lab_default Created 
 Container p1_reliability_lab-mysql-1 Creating 
 Container p1_reliability_lab-minio-1 Creating 
 Container p1_reliability_lab-kafka-1 Creating 
 Container p1_reliability_lab-minio-1 Created 
 Container p1_reliability_lab-mysql-1 Created 
 Container p1_reliability_lab-jobmanager-1 Creating 
 Container p1_reliability_lab-kafka-1 Created 
 Container p1_reliability_lab-schema-registry-1 Creating 
 Container p1_reliability_lab-jobmanager-1 Created 
 Container p1_reliability_lab-taskmanager-1 Creating 
 Container p1_reliability_lab-schema-registry-1 Created 
 Container p1_reliability_lab-debezium-1 Creating 
 Container p1_reliability_lab-taskmanager-1 Created 
 Container p1_reliability_lab-debezium-1 Created 
 Container p1_reliability_lab-mysql-1 Starting 
 Container p1_reliability_lab-kafka-1 Starting 
 Container p1_reliability_lab-minio-1 Starting 
 Container p1_reliability_lab-kafka-1 Started 
 Container p1_reliability_lab-kafka-1 Waiting 
 Container p1_reliability_lab-minio-1 Started 
 Container p1_reliability_lab-mysql-1 Started 
 Container p1_reliability_lab-mysql-1 Waiting 
 Container p1_reliability_lab-minio-1 Waiting 
 Container p1_reliability_lab-minio-1 Healthy 
 Container p1_reliability_lab-kafka-1 Healthy 
 Container p1_reliability_lab-schema-registry-1 Starting 
 Container p1_reliability_lab-schema-registry-1 Started 
 Container p1_reliability_lab-kafka-1 Waiting 
 Container p1_reliability_lab-schema-registry-1 Waiting 
 Container p1_reliability_lab-mysql-1 Waiting 
 Container p1_reliability_lab-kafka-1 Healthy 
 Container p1_reliability_lab-mysql-1 Healthy 
 Container p1_reliability_lab-jobmanager-1 Starting 
 Container p1_reliability_lab-mysql-1 Healthy 
 Container p1_reliability_lab-jobmanager-1 Started 
 Container p1_reliability_lab-jobmanager-1 Waiting 
 Container p1_reliability_lab-schema-registry-1 Healthy 
 Container p1_reliability_lab-debezium-1 Starting 
 Container p1_reliability_lab-debezium-1 Started 
 Container p1_reliability_lab-jobmanager-1 Healthy 
 Container p1_reliability_lab-taskmanager-1 Starting 
 Container p1_reliability_lab-taskmanager-1 Started 
 Container p1_reliability_lab-minio-1 Waiting 
 Container p1_reliability_lab-taskmanager-1 Waiting 
 Container p1_reliability_lab-mysql-1 Waiting 
 Container p1_reliability_lab-debezium-1 Waiting 
 Container p1_reliability_lab-schema-registry-1 Waiting 
 Container p1_reliability_lab-jobmanager-1 Waiting 
 Container p1_reliability_lab-kafka-1 Waiting 
 Container p1_reliability_lab-kafka-1 Healthy 
 Container p1_reliability_lab-schema-registry-1 Healthy 
 Container p1_reliability_lab-mysql-1 Healthy 
 Container p1_reliability_lab-jobmanager-1 Healthy 
 Container p1_reliability_lab-minio-1 Healthy 
 Container p1_reliability_lab-taskmanager-1 Healthy 
 Container p1_reliability_lab-debezium-1 Healthy 
RESOURCE_PROFILE=small docker compose --env-file .env.example -f infra/docker-compose.yml --profile broker run --rm minio-init
 Container p1_reliability_lab-minio-1 Running 
 Container p1_reliability_lab-minio-1 Waiting 
 Container p1_reliability_lab-minio-1 Healthy 
 Container p1_reliability_lab-minio-init-run-80c61063d816 Creating 
 Container p1_reliability_lab-minio-init-run-80c61063d816 Created 
Added `local` successfully.
Bucket created successfully `local/warehouse`.
/usr/local/bin/python3.11 -m harness.broker_admin configure
{
  "debezium_connector": "p1-orders-connector",
  "debezium_state": {
    "connector": "RUNNING",
    "task_0": "RUNNING"
  },
  "kafka_topic": "broker.cdc_lab.orders",
  "partitions": 3,
  "schema_registry_compatibility": "BACKWARD",
  "serialization": "Confluent Avro with Schema Registry",
  "topic_key": "cdc_lab.orders.order_id"
}
remote target finished: target=broker-up exit_code=0 utc=2026-08-20T11:27:45Z
